Component: ARM Compiler 5.06 update 6 (build 750) Tool: armlink [4d35ed]

==============================================================================

Section Cross References

    main.o(i.System_20200611_0233_18_initialize) refers to rt_memclr_w.o(.text) for __aeabi_memclr4
    main.o(i.System_20200611_0233_18_initialize) refers to main.o(.constdata) for System_20200611_0233_18_M
    main.o(i.System_20200611_0233_18_initialize) refers to main.o(.bss) for System_20200611_0233_18_DW
    main.o(i.System_20200611_0233_18_initialize) refers to main.o(.data) for System_20200611_0233_18_Y
    main.o(i.System_20200611_0233_18_step) refers to ddiv.o(x$fpl$ddiv) for __aeabi_ddiv
    main.o(i.System_20200611_0233_18_step) refers to dmul.o(x$fpl$dmul) for __aeabi_dmul
    main.o(i.System_20200611_0233_18_step) refers to daddsub_clz.o(x$fpl$dadd) for __aeabi_dadd
    main.o(i.System_20200611_0233_18_step) refers to daddsub_clz.o(x$fpl$dsub) for __aeabi_dsub
    main.o(i.System_20200611_0233_18_step) refers to main.o(.bss) for System_20200611_0233_18_U
    main.o(i.System_20200611_0233_18_step) refers to main.o(.data) for System_20200611_0233_18_Y
    main.o(i.main) refers to main.o(i.System_20200611_0233_18_initialize) for System_20200611_0233_18_initialize
    main.o(i.main) refers to noretval__2printf.o(.text) for __2printf
    main.o(i.main) refers to fflush.o(.text) for fflush
    main.o(i.main) refers to main.o(i.System_20200611_0233_18_terminate) for System_20200611_0233_18_terminate
    main.o(i.main) refers to main.o(.conststring) for .conststring
    main.o(i.main) refers to main.o(.constdata) for System_20200611_0233_18_M
    main.o(i.rt_OneStep) refers to main.o(i.System_20200611_0233_18_step) for System_20200611_0233_18_step
    main.o(i.rt_OneStep) refers to main.o(.data) for OverrunFlag
    main.o(i.rt_OneStep) refers to main.o(.constdata) for System_20200611_0233_18_M
    main.o(.constdata) refers to main.o(.data) for System_20200611_0233_18_M_
    startup_tm4c123.o(STACK) refers (Special) to heapauxi.o(.text) for __use_two_region_memory
    startup_tm4c123.o(HEAP) refers (Special) to heapauxi.o(.text) for __use_two_region_memory
    startup_tm4c123.o(RESET) refers (Special) to heapauxi.o(.text) for __use_two_region_memory
    startup_tm4c123.o(RESET) refers to startup_tm4c123.o(STACK) for __initial_sp
    startup_tm4c123.o(RESET) refers to startup_tm4c123.o(.text) for Reset_Handler
    startup_tm4c123.o(.text) refers (Special) to heapauxi.o(.text) for __use_two_region_memory
    startup_tm4c123.o(.text) refers to system_tm4c123.o(i.SystemInit) for SystemInit
    startup_tm4c123.o(.text) refers to __main.o(!!!main) for __main
    startup_tm4c123.o(.text) refers to startup_tm4c123.o(HEAP) for Heap_Mem
    startup_tm4c123.o(.text) refers to startup_tm4c123.o(STACK) for Stack_Mem
    system_tm4c123.o(i.SystemCoreClockUpdate) refers to system_tm4c123.o(i.getOscClk) for getOscClk
    system_tm4c123.o(i.SystemCoreClockUpdate) refers to system_tm4c123.o(.data) for SystemCoreClock
    __2printf.o(.text) refers to _printf_char_file.o(.text) for _printf_char_file
    __2printf.o(.text) refers to stdio_streams.o(.bss) for __stdout
    noretval__2printf.o(.text) refers to _printf_char_file.o(.text) for _printf_char_file
    noretval__2printf.o(.text) refers to stdio_streams.o(.bss) for __stdout
    fflush.o(.text) refers to stdio.o(.text) for _fflush
    fflush.o(.text) refers to fseek.o(.text) for _fseek
    fflush.o(.text) refers to stdio_streams.o(.bss) for __stdin
    fflush_locked.o(.text) refers to stdio.o(.text) for _fflush
    fflush_locked.o(.text) refers to fseek.o(.text) for _fseek
    fflush_locked.o(.text) refers to fflush.o(.text) for _do_fflush
    fflush_locked.o(.text) refers to streamlock.o(.data) for _stream_list_lock
    fflush_locked.o(.text) refers to stdio_streams.o(.bss) for __stdin
    __main.o(!!!main) refers to __rtentry.o(.ARM.Collect$$rtentry$$00000000) for __rt_entry
    daddsub_clz.o(x$fpl$dadd) refers (Special) to usenofp.o(x$fpl$usenofp) for __I$use$fp
    daddsub_clz.o(x$fpl$dadd) refers to daddsub_clz.o(x$fpl$dsub) for _dsub1
    daddsub_clz.o(x$fpl$dadd) refers to dretinf.o(x$fpl$dretinf) for __fpl_dretinf
    daddsub_clz.o(x$fpl$dadd) refers to dnaninf.o(x$fpl$dnaninf) for __fpl_dnaninf
    daddsub_clz.o(x$fpl$drsb) refers (Special) to usenofp.o(x$fpl$usenofp) for __I$use$fp
    daddsub_clz.o(x$fpl$drsb) refers to daddsub_clz.o(x$fpl$dadd) for _dadd1
    daddsub_clz.o(x$fpl$drsb) refers to daddsub_clz.o(x$fpl$dsub) for _dsub1
    daddsub_clz.o(x$fpl$dsub) refers (Special) to usenofp.o(x$fpl$usenofp) for __I$use$fp
    daddsub_clz.o(x$fpl$dsub) refers to daddsub_clz.o(x$fpl$dadd) for _dadd1
    daddsub_clz.o(x$fpl$dsub) refers to dnaninf.o(x$fpl$dnaninf) for __fpl_dnaninf
    ddiv.o(x$fpl$drdiv) refers (Special) to usenofp.o(x$fpl$usenofp) for __I$use$fp
    ddiv.o(x$fpl$drdiv) refers to ddiv.o(x$fpl$ddiv) for ddiv_entry
[...]
    heap2mt.o(i._posix_memalign$realtime$concurrent) refers to init_alloc.o(.text) for __Heap_Full
    heap2mt.o(i._posix_memalign$realtime$concurrent) refers to fdtree.o(i._FDTree_RemoveNode) for _FDTree_RemoveNode
    heap2mt.o(i._posix_memalign$realtime$concurrent) refers to fdtree.o(i._FDTree_Insert) for _FDTree_Insert
    heap2mt.o(i._realloc$realtime$concurrent) refers to rt_heap_descriptor_intlibspace.o(.text) for __rt_heap_descriptor
    heap2mt.o(i._realloc$realtime$concurrent) refers to fdtree.o(i._FDTree_Insert) for _FDTree_Insert
    heap2mt.o(i._realloc$realtime$concurrent) refers to h1_free.o(.text) for free
    heap2mt.o(i._realloc$realtime$concurrent) refers to h1_alloc.o(.text) for malloc
    heap2mt.o(i._realloc$realtime$concurrent) refers to fdtree.o(i._FDTree_Delete) for _FDTree_Delete
    heap2mt.o(i._realloc$realtime$concurrent) refers to rt_memcpy_w.o(.text) for __aeabi_memcpy4
    flsbuf.o(.text) refers to stdio.o(.text) for _deferredlazyseek
    flsbuf.o(.text) refers to sys_io.o(.text) for _sys_flen
    flsbuf.o(.text) refers to h1_alloc.o(.text) for malloc
    fopen.o(.text) refers to fclose.o(.text) for _fclose_internal
    fopen.o(.text) refers to sys_io.o(.text) for _sys_open
    fopen.o(.text) refers to fseek.o(.text) for _fseek
    fopen.o(.text) refers to h1_alloc.o(.text) for malloc
    fopen.o(.text) refers to rt_memclr_w.o(.text) for __aeabi_memclr4
    fopen.o(.text) refers to stdio_streams.o(.bss) for __stdin
    fclose.o(.text) refers to stdio.o(.text) for _fflush
    fclose.o(.text) refers to sys_io.o(.text) for _sys_close
    fclose.o(.text) refers to h1_free.o(.text) for free
    fclose.o(.text) refers to rt_memclr_w.o(.text) for __aeabi_memclr4
    fopen_locked.o(.text) refers to fclose.o(.text) for _fclose_internal
    fopen_locked.o(.text) refers to sys_io.o(.text) for _sys_open
    fopen_locked.o(.text) refers to fseek.o(.text) for _fseek
    fopen_locked.o(.text) refers to h1_alloc.o(.text) for malloc
    fopen_locked.o(.text) refers to rt_memclr_w.o(.text) for __aeabi_memclr4
    fopen_locked.o(.text) refers to streamlock.o(.data) for _stream_list_lock
    fopen_locked.o(.text) refers to stdio_streams.o(.bss) for __stdin
    exit.o(.text) refers to rtexit.o(.ARM.Collect$$rtexit$$00000000) for __rt_exit
    defsig_rtred_outer.o(.text) refers to defsig_rtred_inner.o(.text) for __rt_SIGRTRED_inner
    defsig_rtred_outer.o(.text) refers to defsig_exit.o(.text) for __sig_exit
    defsig_rtred_formal.o(.text) refers to rt_raise.o(.text) for __rt_raise
    libinit.o(.ARM.Collect$$libinit$$00000000) refers (Special) to libinit2.o(.ARM.Collect$$libinit$$0000002E) for __rt_lib_init_alloca_1
    libinit.o(.ARM.Collect$$libinit$$00000000) refers (Special) to libinit2.o(.ARM.Collect$$libinit$$00000026) for __rt_lib_init_argv_1
    libinit.o(.ARM.Collect$$libinit$$00000000) refers (Special) to libinit2.o(.ARM.Collect$$libinit$$0000001B) for __rt_lib_init_atexit_1
    libinit.o(.ARM.Collect$$libinit$$00000000) refers (Special) to libinit2.o(.ARM.Collect$$libinit$$00000021) for __rt_lib_init_clock_1
    libinit.o(.ARM.Collect$$libinit$$00000000) refers (Special) to libinit2.o(.ARM.Collect$$libinit$$00000032) for __rt_lib_init_cpp_1
    libinit.o(.ARM.Collect$$libinit$$00000000) refers (Special) to libinit2.o(.ARM.Collect$$libinit$$00000030) for __rt_lib_init_exceptions_1
    libinit.o(.ARM.Collect$$libinit$$00000000) refers (Special) to libinit2.o(.ARM.Collect$$libinit$$00000001) for __rt_lib_init_fp_1
    libinit.o(.ARM.Collect$$libinit$$00000000) refers (Special) to libinit2.o(.ARM.Collect$$libinit$$0000001F) for __rt_lib_init_fp_trap_1
    libinit.o(.ARM.Collect$$libinit$$00000000) refers (Special) to libinit2.o(.ARM.Collect$$libinit$$00000023) for __rt_lib_init_getenv_1
    libinit.o(.ARM.Collect$$libinit$$00000000) refers (Special) to libinit2.o(.ARM.Collect$$libinit$$0000000A) for __rt_lib_init_heap_1
    libinit.o(.ARM.Collect$$libinit$$00000000) refers (Special) to libinit2.o(.ARM.Collect$$libinit$$00000011) for __rt_lib_init_lc_collate_1
    libinit.o(.ARM.Collect$$libinit$$00000000) refers (Special) to libinit2.o(.ARM.Collect$$libinit$$00000013) for __rt_lib_init_lc_ctype_1
    libinit.o(.ARM.Collect$$libinit$$00000000) refers (Special) to libinit2.o(.ARM.Collect$$libinit$$00000015) for __rt_lib_init_lc_monetary_1
    libinit.o(.ARM.Collect$$libinit$$00000000) refers (Special) to libinit2.o(.ARM.Collect$$libinit$$00000017) for __rt_lib_init_lc_numeric_1
    libinit.o(.ARM.Collect$$libinit$$00000000) refers (Special) to libinit2.o(.ARM.Collect$$libinit$$00000019) for __rt_lib_init_lc_time_1
    libinit.o(.ARM.Collect$$libinit$$00000000) refers (Special) to libinit2.o(.ARM.Collect$$libinit$$00000004) for __rt_lib_init_preinit_1
    libinit.o(.ARM.Collect$$libinit$$00000000) refers (Special) to libinit2.o(.ARM.Collect$$libinit$$0000000E) for __rt_lib_init_rand_1
    libinit.o(.ARM.Collect$$libinit$$00000000) refers (Special) to libinit2.o(.ARM.Collect$$libinit$$00000033) for __rt_lib_init_return
    libinit.o(.ARM.Collect$$libinit$$00000000) refers (Special) to libinit2.o(.ARM.Collect$$libinit$$0000001D) for __rt_lib_init_signal_1
    libinit.o(.ARM.Collect$$libinit$$00000000) refers (Special) to libinit2.o(.ARM.Collect$$libinit$$00000025) for __rt_lib_init_stdio_1
    libinit.o(.ARM.Collect$$libinit$$00000000) refers (Special) to libinit2.o(.ARM.Collect$$libinit$$0000000C) for __rt_lib_init_user_alloc_1
    libinit2.o(.ARM.Collect$$libinit$$00000001) refers to fpinit.o(x$fpl$fpinit) for _fp_init
    libinit2.o(.ARM.Collect$$libinit$$00000005) refers (Weak) to init_alloc.o(.text) for _init_alloc
    libinit2.o(.ARM.Collect$$libinit$$00000010) refers to libinit2.o(.ARM.Collect$$libinit$$0000000F) for .ARM.Collect$$libinit$$0000000F
    libinit2.o(.ARM.Collect$$libinit$$00000012) refers to libinit2.o(.ARM.Collect$$libinit$$0000000F) for .ARM.Collect$$libinit$$0000000F
    libinit2.o(.ARM.Collect$$libinit$$00000014) refers to libinit2.o(.ARM.Collect$$libinit$$0000000F) for .ARM.Collect$$libinit$$0000000F
    libinit2.o(.ARM.Collect$$libinit$$00000016) refers to libinit2.o(.ARM.Collect$$libinit$$0000000F) for .ARM.Collect$$libinit$$0000000F
    libinit2.o(.ARM.Collect$$libinit$$00000018) refers to libinit2.o(.ARM.Collect$$libinit$$0000000F) for .ARM.Collect$$libinit$$0000000F
    libinit2.o(.ARM.Collect$$libinit$$00000024) refers (Weak) to initio.o(.text) for _initio
    libinit2.o(.ARM.Collect$$libinit$$00000026) refers to argv_veneer.o(.emb_text) for __ARM_argv_veneer
    libinit2.o(.ARM.Collect$$libinit$$00000027) refers to argv_veneer.o(.emb_text) for __ARM_argv_veneer
    libshutdown2.o(.ARM.Collect$$libshutdown$$00000003) refers (Weak) to initio.o(.text) for _terminateio
    libshutdown2.o(.ARM.Collect$$libshutdown$$0000000D) refers (Weak) to term_alloc.o(.text) for _terminate_alloc
    flsbuf_fwide.o(.text) refers to flsbuf.o(.text) for __flsbuf
    libspace.o(.text) refers to libspace.o(.bss) for __libspace_start
    rtexit.o(.ARM.Collect$$rtexit$$00000000) refers (Special) to rtexit2.o(.ARM.Collect$$rtexit$$00000004) for __rt_exit_exit
    rtexit.o(.ARM.Collect$$rtexit$$00000000) refers (Special) to rtexit2.o(.ARM.Collect$$rtexit$$00000003) for __rt_exit_ls
    rtexit.o(.ARM.Collect$$rtexit$$00000000) refers (Special) to rtexit2.o(.ARM.Collect$$rtexit$$00000002) for __rt_exit_prels_1
    rtexit.o(.ARM.exidx) refers (Special) to rtexit2.o(.ARM.Collect$$rtexit$$00000004) for __rt_exit_exit
    rtexit.o(.ARM.exidx) refers (Special) to rtexit2.o(.ARM.Collect$$rtexit$$00000003) for __rt_exit_ls
    rtexit.o(.ARM.exidx) refers (Special) to rtexit2.o(.ARM.Collect$$rtexit$$00000002) for __rt_exit_prels_1
    rtexit.o(.ARM.exidx) refers to rtexit.o(.ARM.Collect$$rtexit$$00000000) for .ARM.Collect$$rtexit$$00000000
    rt_raise.o(.text) refers to __raise.o(.text) for __raise
    rt_raise.o(.text) refers to sys_exit.o(.text) for _sys_exit
    rt_heap_descriptor.o(.text) refers to rt_heap_descriptor.o(.bss) for __rt_heap_descriptor_data
    rt_heap_descriptor_intlibspace.o(.text) refers to libspace.o(.bss) for __libspace_start
    init_alloc.o(.text) refers (Special) to hguard.o(.text) for __heap$guard
    init_alloc.o(.text) refers (Special) to libinit2.o(.ARM.Collect$$libinit$$00000005) for __rt_lib_init_heap_2
    init_alloc.o(.text) refers (Special) to maybetermalloc1.o(.emb_text) for _maybe_terminate_alloc
    init_alloc.o(.text) refers to h1_extend.o(.text) for __Heap_ProvideMemory
    init_alloc.o(.text) refers to defsig_rtmem_outer.o(.text) for __rt_SIGRTMEM
    init_alloc.o(.text) refers to rt_heap_descriptor_intlibspace.o(.text) for __rt_heap_descriptor
    init_alloc.o(.text) refers to h1_init.o(.text) for __Heap_Initialize
    malloc.o(.text) refers (Special) to hguard.o(.text) for __heap$guard
    malloc.o(.text) refers (Special) to init_alloc.o(.text) for _init_alloc
    malloc.o(.text) refers to rt_heap_descriptor_intlibspace.o(.text) for __rt_heap_descriptor
    malloc.o(.text) refers to heapstubs.o(.text) for __Heap_Alloc
    h1_alloc.o(.text) refers (Special) to h1_init.o(.text) for __Heap_Initialize
    h1_alloc.o(.text) refers to rt_heap_descriptor_intlibspace.o(.text) for __rt_heap_descriptor
    h1_alloc.o(.text) refers to init_alloc.o(.text) for __Heap_Full
    h1_alloc_mt.o(.text) refers (Special) to h1_init.o(.text) for __Heap_Initialize
    h1_alloc_mt.o(.text) refers to init_alloc.o(.text) for __Heap_Full
    h1_alloc_mt.o(.text) refers to rt_heap_descriptor_intlibspace.o(.text) for __rt_heap_descriptor
    _printf_char_file_locked.o(.text) refers to _printf_char_common.o(.text) for _printf_char_common
    _printf_char_file_locked.o(.text) refers to fputc.o(i._fputc$unlocked) for _fputc$unlocked
    fwritefast.o(.text) refers to stdio.o(.text) for _writebuf
    fwritefast.o(.text) refers to flsbuf.o(.text) for __flsbuf_byte
    fwritefast.o(.text) refers to rt_memcpy_v6.o(.text) for __aeabi_memcpy
    fwritefast_locked.o(.text) refers to stdio.o(.text) for _writebuf
    fwritefast_locked.o(.text) refers to flsbuf.o(.text) for __flsbuf_byte
    fwritefast_locked.o(.text) refers to rt_memcpy_v6.o(.text) for __aeabi_memcpy
    defsig_exit.o(.text) refers to sys_exit.o(.text) for _sys_exit
    defsig_rtred_inner.o(.text) refers to defsig_general.o(.text) for __default_signal_display
    assert_stdio.o(.text) refers to fputs.o(.text) for fputs
    assert_stdio.o(.text) refers to fflush.o(.text) for fflush
    assert_stdio.o(.text) refers to stdio_streams.o(.bss) for __stderr
    argv_veneer.o(.emb_text) refers to _get_argv.o(.text) for __ARM_get_argv
    sys_exit.o(.text) refers (Special) to use_no_semi.o(.text) for __I$use$semihosting
    sys_exit.o(.text) refers (Special) to indicate_semi.o(.text) for __semihosting_library_function
    rtexit2.o(.ARM.Collect$$rtexit$$00000003) refers to libshutdown.o(.ARM.Collect$$libshutdown$$00000000) for __rt_lib_shutdown
    rtexit2.o(.ARM.Collect$$rtexit$$00000004) refers to sys_exit.o(.text) for _sys_exit
    rtexit2.o(.ARM.exidx) refers to rtexit2.o(.ARM.Collect$$rtexit$$00000001) for .ARM.Collect$$rtexit$$00000001
    rtexit2.o(.ARM.exidx) refers to rtexit2.o(.ARM.Collect$$rtexit$$00000003) for .ARM.Collect$$rtexit$$00000003
    rtexit2.o(.ARM.exidx) refers to rtexit2.o(.ARM.Collect$$rtexit$$00000004) for .ARM.Collect$$rtexit$$00000004
    maybetermalloc2.o(.emb_text) refers (Special) to term_alloc.o(.text) for _terminate_alloc
    h1_extend.o(.text) refers to h1_free.o(.text) for free
    h1_init_mt.o(.text) refers to mutex_dummy.o(.text) for _mutex_initialize
    h1_extend_mt.o(.text) refers to h1_free_mt.o(.text) for _free_internal
    fputs.o(.text) refers to fputc.o(i.fputc) for fputc
    __raise.o(.text) refers to defsig.o(CL$$defsig) for __default_signal_handler
    defsig_general.o(.text) refers to sys_wrch.o(.text) for _ttywrch
    defsig_rtmem_outer.o(.text) refers to defsig_rtmem_inner.o(.text) for __rt_SIGRTMEM_inner
    defsig_rtmem_outer.o(.text) refers to defsig_exit.o(.text) for __sig_exit
    defsig_rtmem_formal.o(.text) refers to rt_raise.o(.text) for __rt_raise
    rt_memcpy_v6.o(.text) refers to rt_memcpy_w.o(.text) for __aeabi_memcpy4
    heapauxa.o(.text) refers to heapauxa.o(.data) for .data
    _get_argv.o(.text) refers (Special) to hrguard.o(.text) for __heap_region$guard
    _get_argv.o(.text) refers to h1_alloc.o(.text) for malloc
    _get_argv.o(.text) refers to defsig_rtmem_outer.o(.text) for __rt_SIGRTMEM
    _get_argv.o(.text) refers to sys_command.o(.text) for _sys_command_string
    _get_argv_nomalloc.o(.text) refers (Special) to hrguard.o(.text) for __heap_region$guard
    _get_argv_nomalloc.o(.text) refers to defsig_rtmem_outer.o(.text) for __rt_SIGRTMEM
    _get_argv_nomalloc.o(.text) refers to sys_command.o(.text) for _sys_command_string
    sys_wrch.o(.text) refers (Special) to use_no_semi.o(.text) for __I$use$semihosting
    sys_wrch.o(.text) refers (Special) to indicate_semi.o(.text) for __semihosting_library_function
    sys_command.o(.text) refers (Special) to use_no_semi.o(.text) for __I$use$semihosting
    sys_command.o(.text) refers (Special) to indicate_semi.o(.text) for __semihosting_library_function
    term_alloc.o(.text) refers (Special) to libshutdown2.o(.ARM.Collect$$libshutdown$$0000000E) for __rt_lib_shutdown_heap_2
    term_alloc.o(.text) refers to rt_heap_descriptor_intlibspace.o(.text) for __rt_heap_descriptor
    term_alloc.o(.text) refers to h1_final.o(.text) for __Heap_Finalize
    defsig_rtmem_inner.o(.text) refers to defsig_general.o(.text) for __default_signal_display
    defsig.o(CL$$defsig) refers to defsig_rtred_inner.o(.text) for __rt_SIGRTRED_inner
    defsig.o(CL$$defsig) refers to defsig_rtmem_inner.o(.text) for __rt_SIGRTMEM_inner
    libshutdown.o(.ARM.Collect$$libshutdown$$00000000) refers (Special) to libshutdown2.o(.ARM.Collect$$libshutdown$$00000002) for __rt_lib_shutdown_cpp_1
    libshutdown.o(.ARM.Collect$$libshutdown$$00000000) refers (Special) to libshutdown2.o(.ARM.Collect$$libshutdown$$00000007) for __rt_lib_shutdown_fp_trap_1
    libshutdown.o(.ARM.Collect$$libshutdown$$00000000) refers (Special) to libshutdown2.o(.ARM.Collect$$libshutdown$$0000000F) for __rt_lib_shutdown_heap_1
    libshutdown.o(.ARM.Collect$$libshutdown$$00000000) refers (Special) to libshutdown2.o(.ARM.Collect$$libshutdown$$00000010) for __rt_lib_shutdown_return
    libshutdown.o(.ARM.Collect$$libshutdown$$00000000) refers (Special) to libshutdown2.o(.ARM.Collect$$libshutdown$$0000000A) for __rt_lib_shutdown_signal_1
    libshutdown.o(.ARM.Collect$$libshutdown$$00000000) refers (Special) to libshutdown2.o(.ARM.Collect$$libshutdown$$00000004) for __rt_lib_shutdown_stdio_1
    libshutdown.o(.ARM.Collect$$libshutdown$$00000000) refers (Special) to libshutdown2.o(.ARM.Collect$$libshutdown$$0000000C) for __rt_lib_shutdown_user_alloc_1
    defsig_abrt_inner.o(.text) refers to defsig_general.o(.text) for __default_signal_display
    defsig_fpe_inner.o(.text) refers to defsig_general.o(.text) for __default_signal_display
    defsig_stak_inner.o(.text) refers to defsig_general.o(.text) for __default_signal_display
    defsig_pvfn_inner.o(.text) refers to defsig_general.o(.text) for __default_signal_display
    defsig_cppl_inner.o(.text) refers to defsig_general.o(.text) for __default_signal_display
    defsig_segv_inner.o(.text) refers to defsig_general.o(.text) for __default_signal_display
    defsig_other.o(.text) refers to defsig_general.o(.text) for __default_signal_display


==============================================================================

Removing Unused input sections from the image.

    Removing main.o(i.System_20200611_0233_18_step), (612 bytes).
    Removing main.o(i.rt_OneStep), (56 bytes).
    Removing system_tm4c123.o(.rev16_text), (4 bytes).
    Removing system_tm4c123.o(.revsh_text), (4 bytes).
    Removing system_tm4c123.o(.rrx_text), (6 bytes).
    Removing system_tm4c123.o(i.SystemCoreClockUpdate), (196 bytes).
    Removing system_tm4c123.o(i.getOscClk), (244 bytes).
    Removing system_tm4c123.o(.data), (4 bytes).

8 unused section(s) (total 1126 bytes) removed from the image.

==============================================================================

Image Symbol Table

    Local Symbols

    Symbol Name                              Value     Ov Type        Size  Object(Section)

    RESET                                    0x00000000   Section      620  startup_tm4c123.o(RESET)
    ../clib/angel/boardlib.s                 0x00000000   Number         0  boardinit3.o ABSOLUTE
    ../clib/angel/boardlib.s                 0x00000000   Number         0  boardinit2.o ABSOLUTE
    ../clib/angel/boardlib.s                 0x00000000   Number         0  boardshut.o ABSOLUTE
    ../clib/angel/boardlib.s                 0x00000000   Number         0  boardinit1.o ABSOLUTE
    ../clib/angel/handlers.s                 0x00000000   Number         0  __scatter_zi.o ABSOLUTE
    ../clib/angel/handlers.s                 0x00000000   Number         0  __scatter_copy.o ABSOLUTE
    ../clib/angel/kernel.s                   0x00000000   Number         0  __rtentry2.o ABSOLUTE
    ../clib/angel/kernel.s                   0x00000000   Number         0  rtexit2.o ABSOLUTE
    ../clib/angel/kernel.s                   0x00000000   Number         0  __rtentry.o ABSOLUTE
    ../clib/angel/kernel.s                   0x00000000   Number         0  rtexit.o ABSOLUTE
    ../clib/angel/kernel.s                   0x00000000   Number         0  __rtentry4.o ABSOLUTE
    ../clib/angel/rt.s                       0x00000000   Number         0  rt_heap_descriptor_intlibspace.o ABSOLUTE
    ../clib/angel/rt.s                       0x00000000   Number         0  rt_heap_descriptor.o ABSOLUTE
    ../clib/angel/rt.s                       0x00000000   Number         0  rt_raise.o ABSOLUTE
    ../clib/angel/rt.s                       0x00000000   Number         0  rt_errno_addr_intlibspace.o ABSOLUTE
    ../clib/angel/rt.s                       0x00000000   Number         0  rt_errno_addr.o ABSOLUTE
    ../clib/angel/scatter.s                  0x00000000   Number         0  __scatter.o ABSOLUTE
    ../clib/angel/startup.s                  0x00000000   Number         0  __main.o ABSOLUTE
    ../clib/angel/sys.s                      0x00000000   Number         0  use_no_semi.o ABSOLUTE
    ../clib/angel/sys.s                      0x00000000   Number         0  libspace.o ABSOLUTE
    ../clib/angel/sys.s                      0x00000000   Number         0  sys_stackheap_outer.o ABSOLUTE
    ../clib/angel/sys.s                      0x00000000   Number         0  indicate_semi.o ABSOLUTE
    ../clib/angel/sys.s                      0x00000000   Number         0  mutex_dummy.o ABSOLUTE
    ../clib/angel/sysapp.c                   0x00000000   Number         0  sys_exit.o ABSOLUTE
    ../clib/angel/sysapp.c                   0x00000000   Number         0  sys_io.o ABSOLUTE
    ../clib/angel/sysapp.c                   0x00000000   Number         0  sys_command.o ABSOLUTE
    ../clib/angel/sysapp.c                   0x00000000   Number         0  sys_wrch.o ABSOLUTE
    ../clib/armsys.c                         0x00000000   Number         0  _get_argv_nomalloc.o ABSOLUTE
    ../clib/armsys.c                         0x00000000   Number         0  argv_veneer.o ABSOLUTE
    ../clib/armsys.c                         0x00000000   Number         0  no_argv.o ABSOLUTE
    ../clib/armsys.c                         0x00000000   Number         0  argv_veneer.o ABSOLUTE
    ../clib/armsys.c                         0x00000000   Number         0  _get_argv.o ABSOLUTE
    ../clib/assert.c                         0x00000000   Number         0  assert_stdio.o ABSOLUTE
    ../clib/heap1.c                          0x00000000   Number         0  h1_alloc.o ABSOLUTE
    ../clib/heap1.c                          0x00000000   Number         0  h1_free.o ABSOLUTE
    ../clib/heap1.c                          0x00000000   Number         0  h1_free_mt.o ABSOLUTE
    ../clib/heap1.c                          0x00000000   Number         0  h1_extend_mt.o ABSOLUTE
    ../clib/heap1.c                          0x00000000   Number         0  h1_extend.o ABSOLUTE
    ../clib/heap1.c                          0x00000000   Number         0  h1_final_mt.o ABSOLUTE
    ../clib/heap1.c                          0x00000000   Number         0  h1_final.o ABSOLUTE
    ../clib/heap1.c                          0x00000000   Number         0  h1_init.o ABSOLUTE
    ../clib/heap1.c                          0x00000000   Number         0  h1_init_mt.o ABSOLUTE
    ../clib/heap1.c                          0x00000000   Number         0  h1_alloc_mt.o ABSOLUTE
    ../clib/heap2.c                          0x00000000   Number         0  fdtree.o ABSOLUTE
    ../clib/heap2.c                          0x00000000   Number         0  heap2mt.o ABSOLUTE
    ../clib/heap2.c                          0x00000000   Number         0  heap2.o ABSOLUTE
    ../clib/heapalloc.c                      0x00000000   Number         0  hrguard.o ABSOLUTE
    ../clib/heapalloc.c                      0x00000000   Number         0  malloc.o ABSOLUTE
    ../clib/heapalloc.c                      0x00000000   Number         0  heapstubs.o ABSOLUTE
    ../clib/heapalloc.c                      0x00000000   Number         0  maybetermalloc2.o ABSOLUTE
    ../clib/heapalloc.c                      0x00000000   Number         0  init_alloc.o ABSOLUTE
    ../clib/heapalloc.c                      0x00000000   Number         0  free.o ABSOLUTE
    ../clib/heapalloc.c                      0x00000000   Number         0  term_alloc.o ABSOLUTE
    ../clib/heapalloc.c                      0x00000000   Number         0  maybetermalloc1.o ABSOLUTE
    ../clib/heapalloc.c                      0x00000000   Number         0  hguard.o ABSOLUTE
    ../clib/heapalloc.c                      0x00000000   Number         0  maybetermalloc1.o ABSOLUTE
    ../clib/heapalloc.c                      0x00000000   Number         0  maybetermalloc2.o ABSOLUTE
    ../clib/heapaux.c                        0x00000000   Number         0  heapauxa.o ABSOLUTE
    ../clib/heapaux.c                        0x00000000   Number         0  heapauxi.o ABSOLUTE
    ../clib/libinit.s                        0x00000000   Number         0  libinit2.o ABSOLUTE
    ../clib/libinit.s                        0x00000000   Number         0  libshutdown2.o ABSOLUTE
    ../clib/libinit.s                        0x00000000   Number         0  libinit.o ABSOLUTE
    ../clib/libinit.s                        0x00000000   Number         0  libshutdown.o ABSOLUTE
    ../clib/memcpset.s                       0x00000000   Number         0  rt_memcpy_w.o ABSOLUTE
    ../clib/memcpset.s                       0x00000000   Number         0  rt_memcpy_v6.o ABSOLUTE
    ../clib/memcpset.s                       0x00000000   Number         0  rt_memclr_w.o ABSOLUTE
    ../clib/printf.c                         0x00000000   Number         0  _printf_char_file_locked.o ABSOLUTE
    ../clib/printf.c                         0x00000000   Number         0  noretval__2printf.o ABSOLUTE
    ../clib/printf.c                         0x00000000   Number         0  __2printf.o ABSOLUTE
    ../clib/printf.c                         0x00000000   Number         0  __printf_nopercent.o ABSOLUTE
    ../clib/printf.c                         0x00000000   Number         0  _printf_char_common.o ABSOLUTE
    ../clib/printf.c                         0x00000000   Number         0  _printf_char_file.o ABSOLUTE
    ../clib/signal.c                         0x00000000   Number         0  defsig_pvfn_inner.o ABSOLUTE
    ../clib/signal.c                         0x00000000   Number         0  defsig_stak_inner.o ABSOLUTE
    ../clib/signal.c                         0x00000000   Number         0  defsig_fpe_inner.o ABSOLUTE
    ../clib/signal.c                         0x00000000   Number         0  defsig_abrt_inner.o ABSOLUTE
    ../clib/signal.c                         0x00000000   Number         0  defsig_rtmem_inner.o ABSOLUTE
    ../clib/signal.c                         0x00000000   Number         0  defsig_cppl_inner.o ABSOLUTE
    ../clib/signal.c                         0x00000000   Number         0  defsig_rtred_inner.o ABSOLUTE
    ../clib/signal.c                         0x00000000   Number         0  defsig_exit.o ABSOLUTE
    ../clib/signal.c                         0x00000000   Number         0  __raise.o ABSOLUTE
    ../clib/signal.c                         0x00000000   Number         0  defsig_rtred_formal.o ABSOLUTE
    ../clib/signal.c                         0x00000000   Number         0  defsig_general.o ABSOLUTE
    ../clib/signal.c                         0x00000000   Number         0  defsig_rtred_outer.o ABSOLUTE
    ../clib/signal.c                         0x00000000   Number         0  defsig_segv_inner.o ABSOLUTE
    ../clib/signal.c                         0x00000000   Number         0  defsig_other.o ABSOLUTE
    ../clib/signal.c                         0x00000000   Number         0  defsig_rtmem_outer.o ABSOLUTE
    ../clib/signal.c                         0x00000000   Number         0  defsig_rtmem_formal.o ABSOLUTE
    ../clib/signal.s                         0x00000000   Number         0  defsig.o ABSOLUTE
    ../clib/stdio.c                          0x00000000   Number         0  fwritefast.o ABSOLUTE
    ../clib/stdio.c                          0x00000000   Number         0  setvbuf.o ABSOLUTE
    ../clib/stdio.c                          0x00000000   Number         0  fputs.o ABSOLUTE
    ../clib/stdio.c                          0x00000000   Number         0  fopen.o ABSOLUTE
    ../clib/stdio.c                          0x00000000   Number         0  fputs_locked.o ABSOLUTE
    ../clib/stdio.c                          0x00000000   Number         0  stdio_streams.o ABSOLUTE
    ../clib/stdio.c                          0x00000000   Number         0  fclose.o ABSOLUTE
    ../clib/stdio.c                          0x00000000   Number         0  streamlock.o ABSOLUTE
    ../clib/stdio.c                          0x00000000   Number         0  setvbuf_locked.o ABSOLUTE
    ../clib/stdio.c                          0x00000000   Number         0  fopen_locked.o ABSOLUTE
    ../clib/stdio.c                          0x00000000   Number         0  fflush.o ABSOLUTE
    ../clib/stdio.c                          0x00000000   Number         0  fflush_locked.o ABSOLUTE
    ../clib/stdio.c                          0x00000000   Number         0  ferror.o ABSOLUTE
    ../clib/stdio.c                          0x00000000   Number         0  fputc.o ABSOLUTE
    ../clib/stdio.c                          0x00000000   Number         0  stdio.o ABSOLUTE
    ../clib/stdio.c                          0x00000000   Number         0  fwritefast_locked.o ABSOLUTE
    ../clib/stdio.c                          0x00000000   Number         0  ftell.o ABSOLUTE
    ../clib/stdio.c                          0x00000000   Number         0  initio.o ABSOLUTE
    ../clib/stdio.c                          0x00000000   Number         0  fputc_locked.o ABSOLUTE
    ../clib/stdio.c                          0x00000000   Number         0  ferror_locked.o ABSOLUTE
    ../clib/stdio.c                          0x00000000   Number         0  initio_locked.o ABSOLUTE
    ../clib/stdio.c                          0x00000000   Number         0  fseek.o ABSOLUTE
    ../clib/stdio.c                          0x00000000   Number         0  flsbuf.o ABSOLUTE
    ../clib/stdlib.c                         0x00000000   Number         0  exit.o ABSOLUTE
    ../clib/string.c                         0x00000000   Number         0  strlen.o ABSOLUTE
    ../clib/wchar.c                          0x00000000   Number         0  flsbuf_fwide.o ABSOLUTE
    ../fplib/daddsub.s                       0x00000000   Number         0  daddsub_clz.o ABSOLUTE
    ../fplib/ddiv.s                          0x00000000   Number         0  ddiv.o ABSOLUTE
    ../fplib/dmul.s                          0x00000000   Number         0  dmul.o ABSOLUTE
    ../fplib/dnaninf.s                       0x00000000   Number         0  dnaninf.o ABSOLUTE
    ../fplib/dretinf.s                       0x00000000   Number         0  dretinf.o ABSOLUTE
    ../fplib/fpinit.s                        0x00000000   Number         0  fpinit.o ABSOLUTE
    ../fplib/usenofp.s                       0x00000000   Number         0  usenofp.o ABSOLUTE
    RTE\Device\TM4C123GH6PM\startup_TM4C123.s 0x00000000   Number         0  startup_tm4c123.o ABSOLUTE
    RTE\Device\TM4C123GH6PM\system_TM4C123.c 0x00000000   Number         0  system_tm4c123.o ABSOLUTE
    RTE\\Device\\TM4C123GH6PM\\system_TM4C123.c 0x00000000   Number         0  system_tm4c123.o ABSOLUTE
    dc.s                                     0x00000000   Number         0  dc.o ABSOLUTE
    main.c                                   0x00000000   Number         0  main.o ABSOLUTE
    !!!main                                  0x0000026c   Section        8  __main.o(!!!main)
    !!!scatter                               0x00000274   Section       52  __scatter.o(!!!scatter)
    !!handler_copy                           0x000002a8   Section       26  __scatter_copy.o(!!handler_copy)
    !!handler_zi                             0x000002c4   Section       28  __scatter_zi.o(!!handler_zi)
    .ARM.Collect$$libinit$$00000000          0x000002e0   Section        2  libinit.o(.ARM.Collect$$libinit$$00000000)
    .ARM.Collect$$libinit$$00000001          0x000002e2   Section        4  libinit2.o(.ARM.Collect$$libinit$$00000001)
    .ARM.Collect$$libinit$$00000004          0x000002e6   Section        0  libinit2.o(.ARM.Collect$$libinit$$00000004)
    .ARM.Collect$$libinit$$00000005          0x000002e6   Section        8  libinit2.o(.ARM.Collect$$libinit$$00000005)
    .ARM.Collect$$libinit$$0000000A          0x000002ee   Section        0  libinit2.o(.ARM.Collect$$libinit$$0000000A)
    .ARM.Collect$$libinit$$0000000C          0x000002ee   Section        0  libinit2.o(.ARM.Collect$$libinit$$0000000C)
    .ARM.Collect$$libinit$$0000000E          0x000002ee   Section        0  libinit2.o(.ARM.Collect$$libinit$$0000000E)
    .ARM.Collect$$libinit$$00000011          0x000002ee   Section        0  libinit2.o(.ARM.Collect$$libinit$$00000011)
    .ARM.Collect$$libinit$$00000013          0x000002ee   Section        0  libinit2.o(.ARM.Collect$$libinit$$00000013)
    .ARM.Collect$$libinit$$00000015          0x000002ee   Section        0  libinit2.o(.ARM.Collect$$libinit$$00000015)
    .ARM.Collect$$libinit$$00000017          0x000002ee   Section        0  libinit2.o(.ARM.Collect$$libinit$$00000017)
    .ARM.Collect$$libinit$$00000019          0x000002ee   Section        0  libinit2.o(.ARM.Collect$$libinit$$00000019)
    .ARM.Collect$$libinit$$0000001B          0x000002ee   Section        0  libinit2.o(.ARM.Collect$$libinit$$0000001B)
    .ARM.Collect$$libinit$$0000001D          0x000002ee   Section        0  libinit2.o(.ARM.Collect$$libinit$$0000001D)
    .ARM.Collect$$libinit$$0000001F          0x000002ee   Section        0  libinit2.o(.ARM.Collect$$libinit$$0000001F)
    .ARM.Collect$$libinit$$00000021          0x000002ee   Section        0  libinit2.o(.ARM.Collect$$libinit$$00000021)
    .ARM.Collect$$libinit$$00000023          0x000002ee   Section        0  libinit2.o(.ARM.Collect$$libinit$$00000023)
    .ARM.Collect$$libinit$$00000024          0x000002ee   Section        4  libinit2.o(.ARM.Collect$$libinit$$00000024)
    .ARM.Collect$$libinit$$00000025          0x000002f2   Section        0  libinit2.o(.ARM.Collect$$libinit$$00000025)
    .ARM.Collect$$libinit$$00000026          0x000002f2   Section        8  libinit2.o(.ARM.Collect$$libinit$$00000026)
    .ARM.Collect$$libinit$$0000002E          0x000002fa   Section        0  libinit2.o(.ARM.Collect$$libinit$$0000002E)
    .ARM.Collect$$libinit$$00000030          0x000002fa   Section        0  libinit2.o(.ARM.Collect$$libinit$$00000030)
    .ARM.Collect$$libinit$$00000032          0x000002fa   Section        0  libinit2.o(.ARM.Collect$$libinit$$00000032)
    .ARM.Collect$$libinit$$00000033          0x000002fa   Section        2  libinit2.o(.ARM.Collect$$libinit$$00000033)
    .ARM.Collect$$libshutdown$$00000000      0x000002fc   Section        2  libshutdown.o(.ARM.Collect$$libshutdown$$00000000)
    .ARM.Collect$$libshutdown$$00000002      0x000002fe   Section        0  libshutdown2.o(.ARM.Collect$$libshutdown$$00000002)
    .ARM.Collect$$libshutdown$$00000003      0x000002fe   Section        4  libshutdown2.o(.ARM.Collect$$libshutdown$$00000003)
    .ARM.Collect$$libshutdown$$00000004      0x00000302   Section        0  libshutdown2.o(.ARM.Collect$$libshutdown$$00000004)
    .ARM.Collect$$libshutdown$$00000007      0x00000302   Section        0  libshutdown2.o(.ARM.Collect$$libshutdown$$00000007)
    .ARM.Collect$$libshutdown$$0000000A      0x00000302   Section        0  libshutdown2.o(.ARM.Collect$$libshutdown$$0000000A)
    .ARM.Collect$$libshutdown$$0000000C      0x00000302   Section        0  libshutdown2.o(.ARM.Collect$$libshutdown$$0000000C)
    .ARM.Collect$$libshutdown$$0000000F      0x00000302   Section        0  libshutdown2.o(.ARM.Collect$$libshutdown$$0000000F)
    .ARM.Collect$$libshutdown$$00000010      0x00000302   Section        2  libshutdown2.o(.ARM.Collect$$libshutdown$$00000010)
    .ARM.Collect$$rtentry$$00000000          0x00000304   Section        0  __rtentry.o(.ARM.Collect$$rtentry$$00000000)
    .ARM.Collect$$rtentry$$00000002          0x00000304   Section        0  __rtentry2.o(.ARM.Collect$$rtentry$$00000002)
    .ARM.Collect$$rtentry$$00000004          0x00000304   Section        6  __rtentry4.o(.ARM.Collect$$rtentry$$00000004)
    .ARM.Collect$$rtentry$$00000009          0x0000030a   Section        0  __rtentry2.o(.ARM.Collect$$rtentry$$00000009)
    .ARM.Collect$$rtentry$$0000000A          0x0000030a   Section        4  __rtentry2.o(.ARM.Collect$$rtentry$$0000000A)
    .ARM.Collect$$rtentry$$0000000C          0x0000030e   Section        0  __rtentry2.o(.ARM.Collect$$rtentry$$0000000C)
    .ARM.Collect$$rtentry$$0000000D          0x0000030e   Section        8  __rtentry2.o(.ARM.Collect$$rtentry$$0000000D)
    .ARM.Collect$$rtexit$$00000000           0x00000316   Section        2  rtexit.o(.ARM.Collect$$rtexit$$00000000)
    .ARM.Collect$$rtexit$$00000002           0x00000318   Section        0  rtexit2.o(.ARM.Collect$$rtexit$$00000002)
    .ARM.Collect$$rtexit$$00000003           0x00000318   Section        4  rtexit2.o(.ARM.Collect$$rtexit$$00000003)
    .ARM.Collect$$rtexit$$00000004           0x0000031c   Section        6  rtexit2.o(.ARM.Collect$$rtexit$$00000004)
    .emb_text                                0x00000324   Section        4  argv_veneer.o(.emb_text)
    .emb_text                                0x00000328   Section        0  maybetermalloc1.o(.emb_text)
    .text                                    0x00000328   Section      276  startup_tm4c123.o(.text)
    $v0                                      0x00000328   Number         0  startup_tm4c123.o(.text)
    .text                                    0x0000043c   Section        0  noretval__2printf.o(.text)
    .text                                    0x00000454   Section        0  fflush.o(.text)
    .text                                    0x000004b8   Section       78  rt_memclr_w.o(.text)
    .text                                    0x00000506   Section        0  heapauxi.o(.text)
    .text                                    0x0000050c   Section        0  _printf_char_file.o(.text)
    .text                                    0x00000530   Section        0  fseek.o(.text)
    .text                                    0x00000628   Section        0  stdio.o(.text)
    .text                                    0x00000718   Section        0  sys_io.o(.text)
    .text                                    0x00000780   Section        0  _printf_char_common.o(.text)
    _printf_input_char                       0x00000781   Thumb Code    10  _printf_char_common.o(.text)
    .text                                    0x000007b0   Section        0  ferror.o(.text)
    .text                                    0x000007b8   Section        0  ftell.o(.text)
    .text                                    0x000007fc   Section        0  initio.o(.text)
    .text                                    0x00000934   Section        2  use_no_semi.o(.text)
    .text                                    0x00000936   Section       74  sys_stackheap_outer.o(.text)
    .text                                    0x00000936   Section        0  indicate_semi.o(.text)
    .text                                    0x00000980   Section        8  rt_errno_addr_intlibspace.o(.text)
    .text                                    0x00000988   Section        0  h1_free.o(.text)
    .text                                    0x000009d6   Section        0  __printf_nopercent.o(.text)
    .text                                    0x000009fe   Section        0  flsbuf.o(.text)
    .text                                    0x00000bd4   Section        0  setvbuf.o(.text)
    .text                                    0x00000c1c   Section        0  fopen.o(.text)
    _freopen_locked                          0x00000c1d   Thumb Code     0  fopen.o(.text)
    .text                                    0x00000d08   Section        0  fclose.o(.text)
    .text                                    0x00000d54   Section        0  exit.o(.text)
    .text                                    0x00000d66   Section        0  defsig_rtred_outer.o(.text)
    .text                                    0x00000d74   Section        0  strlen.o(.text)
    .text                                    0x00000db4   Section        8  libspace.o(.text)
    .text                                    0x00000dbc   Section        8  rt_heap_descriptor_intlibspace.o(.text)
    .text                                    0x00000dc4   Section        0  hguard.o(.text)
    .text                                    0x00000dc8   Section        0  init_alloc.o(.text)
    .text                                    0x00000e52   Section        0  h1_alloc.o(.text)
    .text                                    0x00000eb0   Section        0  defsig_exit.o(.text)
    .text                                    0x00000ebc   Section        0  defsig_rtred_inner.o(.text)
    .text                                    0x00000ef0   Section        0  sys_exit.o(.text)
    .text                                    0x00000efc   Section        0  h1_init.o(.text)
    .text                                    0x00000f0a   Section        0  h1_extend.o(.text)
    .text                                    0x00000f3e   Section        0  defsig_general.o(.text)
    .text                                    0x00000f70   Section        0  defsig_rtmem_outer.o(.text)
    .text                                    0x00000f7e   Section        0  _get_argv.o(.text)
    .text                                    0x00001086   Section        0  sys_wrch.o(.text)
    .text                                    0x00001094   Section        0  sys_command.o(.text)
    .text                                    0x000010ac   Section        0  hrguard.o(.text)
    .text                                    0x000010b0   Section        0  defsig_rtmem_inner.o(.text)
    i.SystemInit                             0x00001100   Section        0  system_tm4c123.o(i.SystemInit)
    i.System_20200611_0233_18_initialize     0x00001198   Section        0  main.o(i.System_20200611_0233_18_initialize)
    i.System_20200611_0233_18_terminate      0x000011dc   Section        0  main.o(i.System_20200611_0233_18_terminate)
    i.fputc                                  0x000011de   Section        0  fputc.o(i.fputc)
    i.main                                   0x000011f8   Section        0  main.o(i.main)
    x$fpl$fpinit                             0x0000122c   Section       10  fpinit.o(x$fpl$fpinit)
    $v0                                      0x0000122c   Number         0  fpinit.o(x$fpl$fpinit)
    .constdata                               0x00001238   Section        4  main.o(.constdata)
    .constdata                               0x0000123c   Section        4  sys_io.o(.constdata)
    .constdata                               0x00001240   Section        4  sys_io.o(.constdata)
    .constdata                               0x00001244   Section        4  sys_io.o(.constdata)
    .conststring                             0x00001248   Section      160  main.o(.conststring)
    .data                                    0x20000000   Section       13  main.o(.data)
    OverrunFlag                              0x2000000c   Data           1  main.o(.data)
    .data                                    0x20000010   Section        4  stdio_streams.o(.data)
    .data                                    0x20000014   Section        4  stdio_streams.o(.data)
    .data                                    0x20000018   Section        4  stdio_streams.o(.data)
    .bss                                     0x20000020   Section       64  main.o(.bss)
    .bss                                     0x20000060   Section       84  stdio_streams.o(.bss)
    .bss                                     0x200000b4   Section       84  stdio_streams.o(.bss)
    .bss                                     0x20000108   Section       84  stdio_streams.o(.bss)
    .bss                                     0x2000015c   Section       96  libspace.o(.bss)
    HEAP                                     0x200001c0   Section        0  startup_tm4c123.o(HEAP)
    STACK                                    0x200001c0   Section      512  startup_tm4c123.o(STACK)
    Heap_Mem                                 0x200001c0   Data           0  startup_tm4c123.o(HEAP)
    Stack_Mem                                0x200001c0   Data         512  startup_tm4c123.o(STACK)
    __initial_sp                             0x200003c0   Data           0  startup_tm4c123.o(STACK)

    Global Symbols

    Symbol Name                              Value     Ov Type        Size  Object(Section)

    BuildAttributes$$THM_ISAv4$E$P$D$K$B$S$7EM$VFPi3$EXTD16$VFPS$VFMA$PE$A:L22UL41UL21$X:L11$S22US41US21$IEEE1$IW$USESV6$~STKCKD$USESV7$~SHL$OTIME$ROPI$EBA8$UX$STANDARDLIB$REQ8$PRES8$EABIv2 0x00000000   Number         0  anon$$obj.o ABSOLUTE
    __Vectors                                0x00000000   Data           4  startup_tm4c123.o(RESET)
    __ARM_exceptions_init                     - Undefined Weak Reference
    __alloca_initialize                       - Undefined Weak Reference
    __arm_preinit_                            - Undefined Weak Reference
    __cpp_initialize__aeabi_                  - Undefined Weak Reference
    __cxa_finalize                            - Undefined Weak Reference
    __rt_locale                               - Undefined Weak Reference
    __sigvec_lookup                           - Undefined Weak Reference
    __user_heap_extent                        - Undefined Weak Reference
    _atexit_init                              - Undefined Weak Reference
    _call_atexit_fns                          - Undefined Weak Reference
    _clock_init                               - Undefined Weak Reference
    _fp_trap_init                             - Undefined Weak Reference
    _fp_trap_shutdown                         - Undefined Weak Reference
    _get_lc_collate                           - Undefined Weak Reference
    _get_lc_ctype                             - Undefined Weak Reference
    _get_lc_monetary                          - Undefined Weak Reference
    _get_lc_numeric                           - Undefined Weak Reference
    _get_lc_time                              - Undefined Weak Reference
    _getenv_init                              - Undefined Weak Reference
    _handle_redirection                       - Undefined Weak Reference
    _mutex_acquire                            - Undefined Weak Reference
    _mutex_free                               - Undefined Weak Reference
    _mutex_release                            - Undefined Weak Reference
    _rand_init                                - Undefined Weak Reference
    _signal_finish                            - Undefined Weak Reference
    _signal_init                              - Undefined Weak Reference
    __Vectors_End                            0x0000026c   Data           0  startup_tm4c123.o(RESET)
    __Vectors_Size                           0x0000026c   Number         0  startup_tm4c123.o ABSOLUTE
    __main                                   0x0000026d   Thumb Code     8  __main.o(!!!main)
    __scatterload                            0x00000275   Thumb Code     0  __scatter.o(!!!scatter)
    __scatterload_rt2                        0x00000275   Thumb Code    44  __scatter.o(!!!scatter)
    __scatterload_rt2_thumb_only             0x00000275   Thumb Code     0  __scatter.o(!!!scatter)
    __scatterload_null                       0x00000283   Thumb Code     0  __scatter.o(!!!scatter)
    __scatterload_copy                       0x000002a9   Thumb Code    26  __scatter_copy.o(!!handler_copy)
    __scatterload_zeroinit                   0x000002c5   Thumb Code    28  __scatter_zi.o(!!handler_zi)
    __rt_lib_init                            0x000002e1   Thumb Code     0  libinit.o(.ARM.Collect$$libinit$$00000000)
    __rt_lib_init_fp_1                       0x000002e3   Thumb Code     0  libinit2.o(.ARM.Collect$$libinit$$00000001)
    __rt_lib_init_heap_2                     0x000002e7   Thumb Code     0  libinit2.o(.ARM.Collect$$libinit$$00000005)
    __rt_lib_init_preinit_1                  0x000002e7   Thumb Code     0  libinit2.o(.ARM.Collect$$libinit$$00000004)
    __rt_lib_init_atexit_1                   0x000002ef   Thumb Code     0  libinit2.o(.ARM.Collect$$libinit$$0000001B)
    __rt_lib_init_clock_1                    0x000002ef   Thumb Code     0  libinit2.o(.ARM.Collect$$libinit$$00000021)
    __rt_lib_init_fp_trap_1                  0x000002ef   Thumb Code     0  libinit2.o(.ARM.Collect$$libinit$$0000001F)
    __rt_lib_init_getenv_1                   0x000002ef   Thumb Code     0  libinit2.o(.ARM.Collect$$libinit$$00000023)
    __rt_lib_init_heap_1                     0x000002ef   Thumb Code     0  libinit2.o(.ARM.Collect$$libinit$$0000000A)
    __rt_lib_init_lc_collate_1               0x000002ef   Thumb Code     0  libinit2.o(.ARM.Collect$$libinit$$00000011)
    __rt_lib_init_lc_ctype_1                 0x000002ef   Thumb Code     0  libinit2.o(.ARM.Collect$$libinit$$00000013)
    __rt_lib_init_lc_monetary_1              0x000002ef   Thumb Code     0  libinit2.o(.ARM.Collect$$libinit$$00000015)
    __rt_lib_init_lc_numeric_1               0x000002ef   Thumb Code     0  libinit2.o(.ARM.Collect$$libinit$$00000017)
    __rt_lib_init_lc_time_1                  0x000002ef   Thumb Code     0  libinit2.o(.ARM.Collect$$libinit$$00000019)
    __rt_lib_init_rand_1                     0x000002ef   Thumb Code     0  libinit2.o(.ARM.Collect$$libinit$$0000000E)
    __rt_lib_init_signal_1                   0x000002ef   Thumb Code     0  libinit2.o(.ARM.Collect$$libinit$$0000001D)
    __rt_lib_init_stdio_2                    0x000002ef   Thumb Code     0  libinit2.o(.ARM.Collect$$libinit$$00000024)
    __rt_lib_init_user_alloc_1               0x000002ef   Thumb Code     0  libinit2.o(.ARM.Collect$$libinit$$0000000C)
    __rt_lib_init_argv_1                     0x000002f3   Thumb Code     0  libinit2.o(.ARM.Collect$$libinit$$00000026)
    __rt_lib_init_stdio_1                    0x000002f3   Thumb Code     0  libinit2.o(.ARM.Collect$$libinit$$00000025)
    __rt_lib_init_alloca_1                   0x000002fb   Thumb Code     0  libinit2.o(.ARM.Collect$$libinit$$0000002E)
    __rt_lib_init_cpp_1                      0x000002fb   Thumb Code     0  libinit2.o(.ARM.Collect$$libinit$$00000032)
    __rt_lib_init_exceptions_1               0x000002fb   Thumb Code     0  libinit2.o(.ARM.Collect$$libinit$$00000030)
    __rt_lib_init_return                     0x000002fb   Thumb Code     0  libinit2.o(.ARM.Collect$$libinit$$00000033)
    __rt_lib_shutdown                        0x000002fd   Thumb Code     0  libshutdown.o(.ARM.Collect$$libshutdown$$00000000)
    __rt_lib_shutdown_cpp_1                  0x000002ff   Thumb Code     0  libshutdown2.o(.ARM.Collect$$libshutdown$$00000002)
    __rt_lib_shutdown_stdio_2                0x000002ff   Thumb Code     0  libshutdown2.o(.ARM.Collect$$libshutdown$$00000003)
    __rt_lib_shutdown_fp_trap_1              0x00000303   Thumb Code     0  libshutdown2.o(.ARM.Collect$$libshutdown$$00000007)
    __rt_lib_shutdown_heap_1                 0x00000303   Thumb Code     0  libshutdown2.o(.ARM.Collect$$libshutdown$$0000000F)
    __rt_lib_shutdown_return                 0x00000303   Thumb Code     0  libshutdown2.o(.ARM.Collect$$libshutdown$$00000010)
    __rt_lib_shutdown_signal_1               0x00000303   Thumb Code     0  libshutdown2.o(.ARM.Collect$$libshutdown$$0000000A)
    __rt_lib_shutdown_stdio_1                0x00000303   Thumb Code     0  libshutdown2.o(.ARM.Collect$$libshutdown$$00000004)
    __rt_lib_shutdown_user_alloc_1           0x00000303   Thumb Code     0  libshutdown2.o(.ARM.Collect$$libshutdown$$0000000C)
    __rt_entry                               0x00000305   Thumb Code     0  __rtentry.o(.ARM.Collect$$rtentry$$00000000)
    __rt_entry_presh_1                       0x00000305   Thumb Code     0  __rtentry2.o(.ARM.Collect$$rtentry$$00000002)
    __rt_entry_sh                            0x00000305   Thumb Code     0  __rtentry4.o(.ARM.Collect$$rtentry$$00000004)
    __rt_entry_li                            0x0000030b   Thumb Code     0  __rtentry2.o(.ARM.Collect$$rtentry$$0000000A)
    __rt_entry_postsh_1                      0x0000030b   Thumb Code     0  __rtentry2.o(.ARM.Collect$$rtentry$$00000009)
    __rt_entry_main                          0x0000030f   Thumb Code     0  __rtentry2.o(.ARM.Collect$$rtentry$$0000000D)
    __rt_entry_postli_1                      0x0000030f   Thumb Code     0  __rtentry2.o(.ARM.Collect$$rtentry$$0000000C)
    __rt_exit                                0x00000317   Thumb Code     0  rtexit.o(.ARM.Collect$$rtexit$$00000000)
    __rt_exit_ls                             0x00000319   Thumb Code     0  rtexit2.o(.ARM.Collect$$rtexit$$00000003)
    __rt_exit_prels_1                        0x00000319   Thumb Code     0  rtexit2.o(.ARM.Collect$$rtexit$$00000002)
    __rt_exit_exit                           0x0000031d   Thumb Code     0  rtexit2.o(.ARM.Collect$$rtexit$$00000004)
    __ARM_argv_veneer                        0x00000325   Thumb Code     4  argv_veneer.o(.emb_text)
    Reset_Handler                            0x00000329   Thumb Code     8  startup_tm4c123.o(.text)
    _maybe_terminate_alloc                   0x00000329   Thumb Code     0  maybetermalloc1.o(.emb_text)
    NMI_Handler                              0x00000331   Thumb Code     2  startup_tm4c123.o(.text)
    HardFault_Handler                        0x00000333   Thumb Code     2  startup_tm4c123.o(.text)
    MemManage_Handler                        0x00000335   Thumb Code     2  startup_tm4c123.o(.text)
    BusFault_Handler                         0x00000337   Thumb Code     2  startup_tm4c123.o(.text)
    UsageFault_Handler                       0x00000339   Thumb Code     2  startup_tm4c123.o(.text)
    SVC_Handler                              0x0000033b   Thumb Code     2  startup_tm4c123.o(.text)
    DebugMon_Handler                         0x0000033d   Thumb Code     2  startup_tm4c123.o(.text)
    PendSV_Handler                           0x0000033f   Thumb Code     2  startup_tm4c123.o(.text)
    SysTick_Handler                          0x00000341   Thumb Code     2  startup_tm4c123.o(.text)
    GPIOA_Handler                            0x00000343   Thumb Code     2  startup_tm4c123.o(.text)
    GPIOB_Handler                            0x00000345   Thumb Code     2  startup_tm4c123.o(.text)
    GPIOC_Handler                            0x00000347   Thumb Code     2  startup_tm4c123.o(.text)
    GPIOD_Handler                            0x00000349   Thumb Code     2  startup_tm4c123.o(.text)
    GPIOE_Handler                            0x0000034b   Thumb Code     2  startup_tm4c123.o(.text)
    UART0_Handler                            0x0000034d   Thumb Code     2  startup_tm4c123.o(.text)
    UART1_Handler                            0x0000034f   Thumb Code     2  startup_tm4c123.o(.text)
    SSI0_Handler                             0x00000351   Thumb Code     2  startup_tm4c123.o(.text)
    I2C0_Handler                             0x00000353   Thumb Code     2  startup_tm4c123.o(.text)
    PMW0_FAULT_Handler                       0x00000355   Thumb Code     2  startup_tm4c123.o(.text)
    PWM0_0_Handler                           0x00000357   Thumb Code     2  startup_tm4c123.o(.text)
    PWM0_1_Handler                           0x00000359   Thumb Code     2  startup_tm4c123.o(.text)
    PWM0_2_Handler                           0x0000035b   Thumb Code     2  startup_tm4c123.o(.text)
    QEI0_Handler                             0x0000035d   Thumb Code     2  startup_tm4c123.o(.text)
    ADC0SS0_Handler                          0x0000035f   Thumb Code     2  startup_tm4c123.o(.text)
    ADC0SS1_Handler                          0x00000361   Thumb Code     2  startup_tm4c123.o(.text)
    ADC0SS2_Handler                          0x00000363   Thumb Code     2  startup_tm4c123.o(.text)
    ADC0SS3_Handler                          0x00000365   Thumb Code     2  startup_tm4c123.o(.text)
    WDT0_Handler                             0x00000367   Thumb Code     2  startup_tm4c123.o(.text)
    TIMER0A_Handler                          0x00000369   Thumb Code     2  startup_tm4c123.o(.text)
    TIMER0B_Handler                          0x0000036b   Thumb Code     2  startup_tm4c123.o(.text)
    TIMER1A_Handler                          0x0000036d   Thumb Code     2  startup_tm4c123.o(.text)
    TIMER1B_Handler                          0x0000036f   Thumb Code     2  startup_tm4c123.o(.text)
    TIMER2A_Handler                          0x00000371   Thumb Code     2  startup_tm4c123.o(.text)
    TIMER2B_Handler                          0x00000373   Thumb Code     2  startup_tm4c123.o(.text)
    COMP0_Handler                            0x00000375   Thumb Code     2  startup_tm4c123.o(.text)
    COMP1_Handler                            0x00000377   Thumb Code     2  startup_tm4c123.o(.text)
    COMP2_Handler                            0x00000379   Thumb Code     2  startup_tm4c123.o(.text)
    SYSCTL_Handler                           0x0000037b   Thumb Code     2  startup_tm4c123.o(.text)
    FLASH_Handler                            0x0000037d   Thumb Code     2  startup_tm4c123.o(.text)
    GPIOF_Handler                            0x0000037f   Thumb Code     2  startup_tm4c123.o(.text)
    GPIOG_Handler                            0x00000381   Thumb Code     2  startup_tm4c123.o(.text)
    GPIOH_Handler                            0x00000383   Thumb Code     2  startup_tm4c123.o(.text)
    UART2_Handler                            0x00000385   Thumb Code     2  startup_tm4c123.o(.text)
    SSI1_Handler                             0x00000387   Thumb Code     2  startup_tm4c123.o(.text)
    TIMER3A_Handler                          0x00000389   Thumb Code     2  startup_tm4c123.o(.text)
    TIMER3B_Handler                          0x0000038b   Thumb Code     2  startup_tm4c123.o(.text)
    I2C1_Handler                             0x0000038d   Thumb Code     2  startup_tm4c123.o(.text)
    QEI1_Handler                             0x0000038f   Thumb Code     2  startup_tm4c123.o(.text)
    CAN0_Handler                             0x00000391   Thumb Code     2  startup_tm4c123.o(.text)
    CAN1_Handler                             0x00000393   Thumb Code     2  startup_tm4c123.o(.text)
    CAN2_Handler                             0x00000395   Thumb Code     2  startup_tm4c123.o(.text)
    HIB_Handler                              0x00000397   Thumb Code     2  startup_tm4c123.o(.text)
    USB0_Handler                             0x00000399   Thumb Code     2  startup_tm4c123.o(.text)
    PWM0_3_Handler                           0x0000039b   Thumb Code     2  startup_tm4c123.o(.text)
    UDMA_Handler                             0x0000039d   Thumb Code     2  startup_tm4c123.o(.text)
    UDMAERR_Handler                          0x0000039f   Thumb Code     2  startup_tm4c123.o(.text)
    ADC1SS0_Handler                          0x000003a1   Thumb Code     2  startup_tm4c123.o(.text)
    ADC1SS1_Handler                          0x000003a3   Thumb Code     2  startup_tm4c123.o(.text)
    ADC1SS2_Handler                          0x000003a5   Thumb Code     2  startup_tm4c123.o(.text)
    ADC1SS3_Handler                          0x000003a7   Thumb Code     2  startup_tm4c123.o(.text)
    GPIOJ_Handler                            0x000003a9   Thumb Code     2  startup_tm4c123.o(.text)
    GPIOK_Handler                            0x000003ab   Thumb Code     2  startup_tm4c123.o(.text)
    GPIOL_Handler                            0x000003ad   Thumb Code     2  startup_tm4c123.o(.text)
    SSI2_Handler                             0x000003af   Thumb Code     2  startup_tm4c123.o(.text)
    SSI3_Handler                             0x000003b1   Thumb Code     2  startup_tm4c123.o(.text)
    UART3_Handler                            0x000003b3   Thumb Code     2  startup_tm4c123.o(.text)
    UART4_Handler                            0x000003b5   Thumb Code     2  startup_tm4c123.o(.text)
    UART5_Handler                            0x000003b7   Thumb Code     2  startup_tm4c123.o(.text)
    UART6_Handler                            0x000003b9   Thumb Code     2  startup_tm4c123.o(.text)
    UART7_Handler                            0x000003bb   Thumb Code     2  startup_tm4c123.o(.text)
    I2C2_Handler                             0x000003bd   Thumb Code     2  startup_tm4c123.o(.text)
    I2C3_Handler                             0x000003bf   Thumb Code     2  startup_tm4c123.o(.text)
    TIMER4A_Handler                          0x000003c1   Thumb Code     2  startup_tm4c123.o(.text)
    TIMER4B_Handler                          0x000003c3   Thumb Code     2  startup_tm4c123.o(.text)
    TIMER5A_Handler                          0x000003c5   Thumb Code     2  startup_tm4c123.o(.text)
    TIMER5B_Handler                          0x000003c7   Thumb Code     2  startup_tm4c123.o(.text)
    WTIMER0A_Handler                         0x000003c9   Thumb Code     2  startup_tm4c123.o(.text)
    WTIMER0B_Handler                         0x000003cb   Thumb Code     2  startup_tm4c123.o(.text)
    WTIMER1A_Handler                         0x000003cd   Thumb Code     2  startup_tm4c123.o(.text)
    WTIMER1B_Handler                         0x000003cf   Thumb Code     2  startup_tm4c123.o(.text)
    WTIMER2A_Handler                         0x000003d1   Thumb Code     2  startup_tm4c123.o(.text)
    WTIMER2B_Handler                         0x000003d3   Thumb Code     2  startup_tm4c123.o(.text)
    WTIMER3A_Handler                         0x000003d5   Thumb Code     2  startup_tm4c123.o(.text)
    WTIMER3B_Handler                         0x000003d7   Thumb Code     2  startup_tm4c123.o(.text)
    WTIMER4A_Handler                         0x000003d9   Thumb Code     2  startup_tm4c123.o(.text)
    WTIMER4B_Handler                         0x000003db   Thumb Code     2  startup_tm4c123.o(.text)
    WTIMER5A_Handler                         0x000003dd   Thumb Code     2  startup_tm4c123.o(.text)
    WTIMER5B_Handler                         0x000003df   Thumb Code     2  startup_tm4c123.o(.text)
    FPU_Handler                              0x000003e1   Thumb Code     2  startup_tm4c123.o(.text)
    I2C4_Handler                             0x000003e3   Thumb Code     2  startup_tm4c123.o(.text)
    I2C5_Handler                             0x000003e5   Thumb Code     2  startup_tm4c123.o(.text)
    GPIOM_Handler                            0x000003e7   Thumb Code     2  startup_tm4c123.o(.text)
    GPION_Handler                            0x000003e9   Thumb Code     2  startup_tm4c123.o(.text)
    QEI2_Handler                             0x000003eb   Thumb Code     2  startup_tm4c123.o(.text)
    GPIOP0_Handler                           0x000003ed   Thumb Code     2  startup_tm4c123.o(.text)
    GPIOP1_Handler                           0x000003ef   Thumb Code     2  startup_tm4c123.o(.text)
    GPIOP2_Handler                           0x000003f1   Thumb Code     2  startup_tm4c123.o(.text)
    GPIOP3_Handler                           0x000003f3   Thumb Code     2  startup_tm4c123.o(.text)
    GPIOP4_Handler                           0x000003f5   Thumb Code     2  startup_tm4c123.o(.text)
    GPIOP5_Handler                           0x000003f7   Thumb Code     2  startup_tm4c123.o(.text)
    GPIOP6_Handler                           0x000003f9   Thumb Code     2  startup_tm4c123.o(.text)
    GPIOP7_Handler                           0x000003fb   Thumb Code     2  startup_tm4c123.o(.text)
    GPIOQ0_Handler                           0x000003fd   Thumb Code     2  startup_tm4c123.o(.text)
    GPIOQ1_Handler                           0x000003ff   Thumb Code     2  startup_tm4c123.o(.text)
    GPIOQ2_Handler                           0x00000401   Thumb Code     2  startup_tm4c123.o(.text)
    GPIOQ3_Handler                           0x00000403   Thumb Code     2  startup_tm4c123.o(.text)
    GPIOQ4_Handler                           0x00000405   Thumb Code     2  startup_tm4c123.o(.text)
    GPIOQ5_Handler                           0x00000407   Thumb Code     2  startup_tm4c123.o(.text)
    GPIOQ6_Handler                           0x00000409   Thumb Code     2  startup_tm4c123.o(.text)
    GPIOQ7_Handler                           0x0000040b   Thumb Code     2  startup_tm4c123.o(.text)
    GPIOR_Handler                            0x0000040d   Thumb Code     2  startup_tm4c123.o(.text)
    GPIOS_Handler                            0x0000040f   Thumb Code     2  startup_tm4c123.o(.text)
    PMW1_0_Handler                           0x00000411   Thumb Code     2  startup_tm4c123.o(.text)
    PWM1_1_Handler                           0x00000413   Thumb Code     2  startup_tm4c123.o(.text)
    PWM1_2_Handler                           0x00000415   Thumb Code     2  startup_tm4c123.o(.text)
    PWM1_3_Handler                           0x00000417   Thumb Code     2  startup_tm4c123.o(.text)
    PWM1_FAULT_Handler                       0x00000419   Thumb Code     2  startup_tm4c123.o(.text)
    __user_initial_stackheap                 0x0000041d   Thumb Code     0  startup_tm4c123.o(.text)
    __2printf                                0x0000043d   Thumb Code    20  noretval__2printf.o(.text)
    _do_fflush                               0x00000455   Thumb Code    54  fflush.o(.text)
    fflush                                   0x0000048b   Thumb Code    42  fflush.o(.text)
    __aeabi_memclr4                          0x000004b9   Thumb Code     0  rt_memclr_w.o(.text)
    __aeabi_memclr8                          0x000004b9   Thumb Code     0  rt_memclr_w.o(.text)
    __rt_memclr_w                            0x000004b9   Thumb Code    78  rt_memclr_w.o(.text)
    _memset_w                                0x000004bd   Thumb Code     0  rt_memclr_w.o(.text)
    __use_two_region_memory                  0x00000507   Thumb Code     2  heapauxi.o(.text)
    __rt_heap_escrow                         0x00000509   Thumb Code     2  heapauxi.o(.text)
    __rt_heap_expand                         0x0000050b   Thumb Code     2  heapauxi.o(.text)
    _printf_char_file                        0x0000050d   Thumb Code    32  _printf_char_file.o(.text)
    _fseek                                   0x00000531   Thumb Code   242  fseek.o(.text)
    fseek                                    0x00000531   Thumb Code     0  fseek.o(.text)
    _seterr                                  0x00000629   Thumb Code    20  stdio.o(.text)
    _writebuf                                0x0000063d   Thumb Code    84  stdio.o(.text)
    _fflush                                  0x00000691   Thumb Code    70  stdio.o(.text)
    _deferredlazyseek                        0x000006d7   Thumb Code    60  stdio.o(.text)
    _sys_open                                0x00000719   Thumb Code    20  sys_io.o(.text)
    _sys_close                               0x0000072d   Thumb Code    12  sys_io.o(.text)
    _sys_write                               0x00000739   Thumb Code    16  sys_io.o(.text)
    _sys_read                                0x00000749   Thumb Code    14  sys_io.o(.text)
    _sys_istty                               0x00000757   Thumb Code    12  sys_io.o(.text)
    _sys_seek                                0x00000763   Thumb Code    14  sys_io.o(.text)
    _sys_ensure                              0x00000771   Thumb Code     2  sys_io.o(.text)
    _sys_flen                                0x00000773   Thumb Code    12  sys_io.o(.text)
    _printf_char_common                      0x0000078b   Thumb Code    32  _printf_char_common.o(.text)
    ferror                                   0x000007b1   Thumb Code     8  ferror.o(.text)
    _ftell_internal                          0x000007b9   Thumb Code    66  ftell.o(.text)
    ftell                                    0x000007b9   Thumb Code     0  ftell.o(.text)
    _initio                                  0x000007fd   Thumb Code   210  initio.o(.text)
    _terminateio                             0x000008cf   Thumb Code    56  initio.o(.text)
    __I$use$semihosting                      0x00000935   Thumb Code     0  use_no_semi.o(.text)
    __use_no_semihosting_swi                 0x00000935   Thumb Code     2  use_no_semi.o(.text)
    __semihosting_library_function           0x00000937   Thumb Code     0  indicate_semi.o(.text)
    __user_setup_stackheap                   0x00000937   Thumb Code    74  sys_stackheap_outer.o(.text)
    __aeabi_errno_addr                       0x00000981   Thumb Code     8  rt_errno_addr_intlibspace.o(.text)
    __errno$intlibspace                      0x00000981   Thumb Code     0  rt_errno_addr_intlibspace.o(.text)
    __rt_errno_addr$intlibspace              0x00000981   Thumb Code     0  rt_errno_addr_intlibspace.o(.text)
    free                                     0x00000989   Thumb Code    78  h1_free.o(.text)
    __printf                                 0x000009d7   Thumb Code    40  __printf_nopercent.o(.text)
    __flsbuf                                 0x000009ff   Thumb Code   470  flsbuf.o(.text)
    __flsbuf_byte                            0x000009ff   Thumb Code     0  flsbuf.o(.text)
    __flsbuf_wide                            0x000009ff   Thumb Code     0  flsbuf.o(.text)
    setvbuf                                  0x00000bd5   Thumb Code    70  setvbuf.o(.text)
    freopen                                  0x00000c1d   Thumb Code   158  fopen.o(.text)
    fopen                                    0x00000cbb   Thumb Code    74  fopen.o(.text)
    _fclose_internal                         0x00000d09   Thumb Code    76  fclose.o(.text)
    fclose                                   0x00000d09   Thumb Code     0  fclose.o(.text)
    exit                                     0x00000d55   Thumb Code    18  exit.o(.text)
    __rt_SIGRTRED                            0x00000d67   Thumb Code    14  defsig_rtred_outer.o(.text)
    strlen                                   0x00000d75   Thumb Code    62  strlen.o(.text)
    __user_libspace                          0x00000db5   Thumb Code     8  libspace.o(.text)
    __user_perproc_libspace                  0x00000db5   Thumb Code     0  libspace.o(.text)
    __user_perthread_libspace                0x00000db5   Thumb Code     0  libspace.o(.text)
    __rt_heap_descriptor                     0x00000dbd   Thumb Code     8  rt_heap_descriptor_intlibspace.o(.text)
    __use_no_heap                            0x00000dc5   Thumb Code     2  hguard.o(.text)
    __heap$guard                             0x00000dc7   Thumb Code     2  hguard.o(.text)
    _terminate_user_alloc                    0x00000dc9   Thumb Code     2  init_alloc.o(.text)
    _init_user_alloc                         0x00000dcb   Thumb Code     2  init_alloc.o(.text)
    __Heap_Full                              0x00000dcd   Thumb Code    34  init_alloc.o(.text)
    __Heap_Broken                            0x00000def   Thumb Code     6  init_alloc.o(.text)
    _init_alloc                              0x00000df5   Thumb Code    94  init_alloc.o(.text)
    malloc                                   0x00000e53   Thumb Code    94  h1_alloc.o(.text)
    __sig_exit                               0x00000eb1   Thumb Code    10  defsig_exit.o(.text)
    __rt_SIGRTRED_inner                      0x00000ebd   Thumb Code    14  defsig_rtred_inner.o(.text)
    _sys_exit                                0x00000ef1   Thumb Code     8  sys_exit.o(.text)
    __Heap_Initialize                        0x00000efd   Thumb Code    10  h1_init.o(.text)
    __Heap_DescSize                          0x00000f07   Thumb Code     4  h1_init.o(.text)
    __Heap_ProvideMemory                     0x00000f0b   Thumb Code    52  h1_extend.o(.text)
    __default_signal_display                 0x00000f3f   Thumb Code    50  defsig_general.o(.text)
    __rt_SIGRTMEM                            0x00000f71   Thumb Code    14  defsig_rtmem_outer.o(.text)
    __ARM_get_argv                           0x00000f7f   Thumb Code   264  _get_argv.o(.text)
    _ttywrch                                 0x00001087   Thumb Code    14  sys_wrch.o(.text)
    _sys_command_string                      0x00001095   Thumb Code    24  sys_command.o(.text)
    __use_no_heap_region                     0x000010ad   Thumb Code     2  hrguard.o(.text)
    __heap_region$guard                      0x000010af   Thumb Code     2  hrguard.o(.text)
    __rt_SIGRTMEM_inner                      0x000010b1   Thumb Code    22  defsig_rtmem_inner.o(.text)
    SystemInit                               0x00001101   Thumb Code   112  system_tm4c123.o(i.SystemInit)
    System_20200611_0233_18_initialize       0x00001199   Thumb Code    42  main.o(i.System_20200611_0233_18_initialize)
    System_20200611_0233_18_terminate        0x000011dd   Thumb Code     2  main.o(i.System_20200611_0233_18_terminate)
    fputc                                    0x000011df   Thumb Code    26  fputc.o(i.fputc)
    main                                     0x000011f9   Thumb Code    42  main.o(i.main)
    _fp_init                                 0x0000122d   Thumb Code    10  fpinit.o(x$fpl$fpinit)
    __fplib_config_fpu_vfp                   0x00001235   Thumb Code     0  fpinit.o(x$fpl$fpinit)
    __fplib_config_pureend_doubles           0x00001235   Thumb Code     0  fpinit.o(x$fpl$fpinit)
    System_20200611_0233_18_M                0x00001238   Data           4  main.o(.constdata)
    __stdin_name                             0x0000123c   Data           4  sys_io.o(.constdata)
    __stdout_name                            0x00001240   Data           4  sys_io.o(.constdata)
    __stderr_name                            0x00001244   Data           4  sys_io.o(.constdata)
    Region$$Table$$Base                      0x000012e8   Number         0  anon$$obj.o(Region$$Table)
    Region$$Table$$Limit                     0x00001308   Number         0  anon$$obj.o(Region$$Table)
    System_20200611_0233_18_Y                0x20000000   Data           8  main.o(.data)
    System_20200611_0233_18_M_               0x20000008   Data           4  main.o(.data)
    __aeabi_stdin                            0x20000010   Data           4  stdio_streams.o(.data)
    __aeabi_stdout                           0x20000014   Data           4  stdio_streams.o(.data)
    __aeabi_stderr                           0x20000018   Data           4  stdio_streams.o(.data)
    System_20200611_0233_18_DW               0x20000020   Data          48  main.o(.bss)
    System_20200611_0233_18_U                0x20000050   Data          16  main.o(.bss)
    __stdin                                  0x20000060   Data          84  stdio_streams.o(.bss)
    __stdout                                 0x200000b4   Data          84  stdio_streams.o(.bss)
    __stderr                                 0x20000108   Data          84  stdio_streams.o(.bss)
    __libspace_start                         0x2000015c   Data          96  libspace.o(.bss)
    __temporary_stack_top$libspace           0x200001bc   Data           0  libspace.o(.bss)



==============================================================================

Memory Map of the image

  Image Entry point : 0x00000329

  Load Region LR_1 (Base: 0x00000000, Size: 0x00001324, Max: 0xffffffff, ABSOLUTE)

    Execution Region ER_RO (Exec base: 0x00000000, Load base: 0x00000000, Size: 0x00001308, Max: 0xffffffff, ABSOLUTE)

    Exec Addr    Load Addr    Size         Type   Attr      Idx    E Section Name        Object

    0x00000000   0x00000000   0x0000026c   Data   RO           75    RESET               startup_tm4c123.o
    0x0000026c   0x0000026c   0x00000008   Code   RO          161  * !!!main             c_w.l(__main.o)
    0x00000274   0x00000274   0x00000034   Code   RO          520    !!!scatter          c_w.l(__scatter.o)
    0x000002a8   0x000002a8   0x0000001a   Code   RO          522    !!handler_copy      c_w.l(__scatter_copy.o)
    0x000002c2   0x000002c2   0x00000002   PAD
    0x000002c4   0x000002c4   0x0000001c   Code   RO          524    !!handler_zi        c_w.l(__scatter_zi.o)
    0x000002e0   0x000002e0   0x00000002   Code   RO          327    .ARM.Collect$$libinit$$00000000  c_w.l(libinit.o)
    0x000002e2   0x000002e2   0x00000004   Code   RO          328    .ARM.Collect$$libinit$$00000001  c_w.l(libinit2.o)
    0x000002e6   0x000002e6   0x00000000   Code   RO          331    .ARM.Collect$$libinit$$00000004  c_w.l(libinit2.o)
    0x000002e6   0x000002e6   0x00000008   Code   RO          332    .ARM.Collect$$libinit$$00000005  c_w.l(libinit2.o)
    0x000002ee   0x000002ee   0x00000000   Code   RO          334    .ARM.Collect$$libinit$$0000000A  c_w.l(libinit2.o)
    0x000002ee   0x000002ee   0x00000000   Code   RO          336    .ARM.Collect$$libinit$$0000000C  c_w.l(libinit2.o)
    0x000002ee   0x000002ee   0x00000000   Code   RO          338    .ARM.Collect$$libinit$$0000000E  c_w.l(libinit2.o)
    0x000002ee   0x000002ee   0x00000000   Code   RO          341    .ARM.Collect$$libinit$$00000011  c_w.l(libinit2.o)
    0x000002ee   0x000002ee   0x00000000   Code   RO          343    .ARM.Collect$$libinit$$00000013  c_w.l(libinit2.o)
    0x000002ee   0x000002ee   0x00000000   Code   RO          345    .ARM.Collect$$libinit$$00000015  c_w.l(libinit2.o)
    0x000002ee   0x000002ee   0x00000000   Code   RO          347    .ARM.Collect$$libinit$$00000017  c_w.l(libinit2.o)
    0x000002ee   0x000002ee   0x00000000   Code   RO          349    .ARM.Collect$$libinit$$00000019  c_w.l(libinit2.o)
    0x000002ee   0x000002ee   0x00000000   Code   RO          351    .ARM.Collect$$libinit$$0000001B  c_w.l(libinit2.o)
    0x000002ee   0x000002ee   0x00000000   Code   RO          353    .ARM.Collect$$libinit$$0000001D  c_w.l(libinit2.o)
    0x000002ee   0x000002ee   0x00000000   Code   RO          355    .ARM.Collect$$libinit$$0000001F  c_w.l(libinit2.o)
    0x000002ee   0x000002ee   0x00000000   Code   RO          357    .ARM.Collect$$libinit$$00000021  c_w.l(libinit2.o)
    0x000002ee   0x000002ee   0x00000000   Code   RO          359    .ARM.Collect$$libinit$$00000023  c_w.l(libinit2.o)
    0x000002ee   0x000002ee   0x00000004   Code   RO          360    .ARM.Collect$$libinit$$00000024  c_w.l(libinit2.o)
    0x000002f2   0x000002f2   0x00000000   Code   RO          361    .ARM.Collect$$libinit$$00000025  c_w.l(libinit2.o)
    0x000002f2   0x000002f2   0x00000008   Code   RO          362    .ARM.Collect$$libinit$$00000026  c_w.l(libinit2.o)
    0x000002fa   0x000002fa   0x00000000   Code   RO          367    .ARM.Collect$$libinit$$0000002E  c_w.l(libinit2.o)
    0x000002fa   0x000002fa   0x00000000   Code   RO          369    .ARM.Collect$$libinit$$00000030  c_w.l(libinit2.o)
    0x000002fa   0x000002fa   0x00000000   Code   RO          371    .ARM.Collect$$libinit$$00000032  c_w.l(libinit2.o)
    0x000002fa   0x000002fa   0x00000002   Code   RO          372    .ARM.Collect$$libinit$$00000033  c_w.l(libinit2.o)
    0x000002fc   0x000002fc   0x00000002   Code   RO          499    .ARM.Collect$$libshutdown$$00000000  c_w.l(libshutdown.o)
    0x000002fe   0x000002fe   0x00000000   Code   RO          374    .ARM.Collect$$libshutdown$$00000002  c_w.l(libshutdown2.o)
    0x000002fe   0x000002fe   0x00000004   Code   RO          375    .ARM.Collect$$libshutdown$$00000003  c_w.l(libshutdown2.o)
    0x00000302   0x00000302   0x00000000   Code   RO          376    .ARM.Collect$$libshutdown$$00000004  c_w.l(libshutdown2.o)
    0x00000302   0x00000302   0x00000000   Code   RO          379    .ARM.Collect$$libshutdown$$00000007  c_w.l(libshutdown2.o)
    0x00000302   0x00000302   0x00000000   Code   RO          382    .ARM.Collect$$libshutdown$$0000000A  c_w.l(libshutdown2.o)
    0x00000302   0x00000302   0x00000000   Code   RO          384    .ARM.Collect$$libshutdown$$0000000C  c_w.l(libshutdown2.o)
    0x00000302   0x00000302   0x00000000   Code   RO          387    .ARM.Collect$$libshutdown$$0000000F  c_w.l(libshutdown2.o)
    0x00000302   0x00000302   0x00000002   Code   RO          388    .ARM.Collect$$libshutdown$$00000010  c_w.l(libshutdown2.o)
    0x00000304   0x00000304   0x00000000   Code   RO          175    .ARM.Collect$$rtentry$$00000000  c_w.l(__rtentry.o)
    0x00000304   0x00000304   0x00000000   Code   RO          200    .ARM.Collect$$rtentry$$00000002  c_w.l(__rtentry2.o)
    0x00000304   0x00000304   0x00000006   Code   RO          212    .ARM.Collect$$rtentry$$00000004  c_w.l(__rtentry4.o)
    0x0000030a   0x0000030a   0x00000000   Code   RO          202    .ARM.Collect$$rtentry$$00000009  c_w.l(__rtentry2.o)
    0x0000030a   0x0000030a   0x00000004   Code   RO          203    .ARM.Collect$$rtentry$$0000000A  c_w.l(__rtentry2.o)
    0x0000030e   0x0000030e   0x00000000   Code   RO          205    .ARM.Collect$$rtentry$$0000000C  c_w.l(__rtentry2.o)
    0x0000030e   0x0000030e   0x00000008   Code   RO          206    .ARM.Collect$$rtentry$$0000000D  c_w.l(__rtentry2.o)
    0x00000316   0x00000316   0x00000002   Code   RO          394    .ARM.Collect$$rtexit$$00000000  c_w.l(rtexit.o)
    0x00000318   0x00000318   0x00000000   Code   RO          446    .ARM.Collect$$rtexit$$00000002  c_w.l(rtexit2.o)
    0x00000318   0x00000318   0x00000004   Code   RO          447    .ARM.Collect$$rtexit$$00000003  c_w.l(rtexit2.o)
    0x0000031c   0x0000031c   0x00000006   Code   RO          448    .ARM.Collect$$rtexit$$00000004  c_w.l(rtexit2.o)
    0x00000322   0x00000322   0x00000002   PAD
    0x00000324   0x00000324   0x00000004   Code   RO          439    .emb_text           c_w.l(argv_veneer.o)
    0x00000328   0x00000328   0x00000000   Code   RO          452    .emb_text           c_w.l(maybetermalloc1.o)
    0x00000328   0x00000328   0x00000114   Code   RO           76  * .text               startup_tm4c123.o
    0x0000043c   0x0000043c   0x00000018   Code   RO          151    .text               c_w.l(noretval__2printf.o)
    0x00000454   0x00000454   0x00000064   Code   RO          153    .text               c_w.l(fflush.o)
    0x000004b8   0x000004b8   0x0000004e   Code   RO          157    .text               c_w.l(rt_memclr_w.o)
    0x00000506   0x00000506   0x00000006   Code   RO          159    .text               c_w.l(heapauxi.o)
    0x0000050c   0x0000050c   0x00000024   Code   RO          176    .text               c_w.l(_printf_char_file.o)
    0x00000530   0x00000530   0x000000f8   Code   RO          178    .text               c_w.l(fseek.o)
    0x00000628   0x00000628   0x000000f0   Code   RO          180    .text               c_w.l(stdio.o)
    0x00000718   0x00000718   0x00000066   Code   RO          194    .text               c_w.l(sys_io.o)
    0x0000077e   0x0000077e   0x00000002   PAD
    0x00000780   0x00000780   0x00000030   Code   RO          214    .text               c_w.l(_printf_char_common.o)
    0x000007b0   0x000007b0   0x00000008   Code   RO          216    .text               c_w.l(ferror.o)
    0x000007b8   0x000007b8   0x00000042   Code   RO          222    .text               c_w.l(ftell.o)
    0x000007fa   0x000007fa   0x00000002   PAD
    0x000007fc   0x000007fc   0x00000138   Code   RO          224    .text               c_w.l(initio.o)
    0x00000934   0x00000934   0x00000002   Code   RO          232    .text               c_w.l(use_no_semi.o)
    0x00000936   0x00000936   0x00000000   Code   RO          236    .text               c_w.l(indicate_semi.o)
    0x00000936   0x00000936   0x0000004a   Code   RO          237    .text               c_w.l(sys_stackheap_outer.o)
    0x00000980   0x00000980   0x00000008   Code   RO          242    .text               c_w.l(rt_errno_addr_intlibspace.o)
    0x00000988   0x00000988   0x0000004e   Code   RO          246    .text               c_w.l(h1_free.o)
    0x000009d6   0x000009d6   0x00000028   Code   RO          300    .text               c_w.l(__printf_nopercent.o)
    0x000009fe   0x000009fe   0x000001d6   Code   RO          302    .text               c_w.l(flsbuf.o)
    0x00000bd4   0x00000bd4   0x00000046   Code   RO          304    .text               c_w.l(setvbuf.o)
    0x00000c1a   0x00000c1a   0x00000002   PAD
    0x00000c1c   0x00000c1c   0x000000ec   Code   RO          306    .text               c_w.l(fopen.o)
    0x00000d08   0x00000d08   0x0000004c   Code   RO          308    .text               c_w.l(fclose.o)
    0x00000d54   0x00000d54   0x00000012   Code   RO          314    .text               c_w.l(exit.o)
    0x00000d66   0x00000d66   0x0000000e   Code   RO          316    .text               c_w.l(defsig_rtred_outer.o)
    0x00000d74   0x00000d74   0x0000003e   Code   RO          320    .text               c_w.l(strlen.o)
    0x00000db2   0x00000db2   0x00000002   PAD
    0x00000db4   0x00000db4   0x00000008   Code   RO          391    .text               c_w.l(libspace.o)
    0x00000dbc   0x00000dbc   0x00000008   Code   RO          401    .text               c_w.l(rt_heap_descriptor_intlibspace.o)
    0x00000dc4   0x00000dc4   0x00000004   Code   RO          403    .text               c_w.l(hguard.o)
    0x00000dc8   0x00000dc8   0x0000008a   Code   RO          405    .text               c_w.l(init_alloc.o)
    0x00000e52   0x00000e52   0x0000005e   Code   RO          411    .text               c_w.l(h1_alloc.o)
    0x00000eb0   0x00000eb0   0x0000000a   Code   RO          431    .text               c_w.l(defsig_exit.o)
    0x00000eba   0x00000eba   0x00000002   PAD
    0x00000ebc   0x00000ebc   0x00000034   Code   RO          433    .text               c_w.l(defsig_rtred_inner.o)
    0x00000ef0   0x00000ef0   0x0000000c   Code   RO          443    .text               c_w.l(sys_exit.o)
    0x00000efc   0x00000efc   0x0000000e   Code   RO          454    .text               c_w.l(h1_init.o)
    0x00000f0a   0x00000f0a   0x00000034   Code   RO          456    .text               c_w.l(h1_extend.o)
    0x00000f3e   0x00000f3e   0x00000032   Code   RO          468    .text               c_w.l(defsig_general.o)
    0x00000f70   0x00000f70   0x0000000e   Code   RO          470    .text               c_w.l(defsig_rtmem_outer.o)
    0x00000f7e   0x00000f7e   0x00000108   Code   RO          479    .text               c_w.l(_get_argv.o)
    0x00001086   0x00001086   0x0000000e   Code   RO          485    .text               c_w.l(sys_wrch.o)
    0x00001094   0x00001094   0x00000018   Code   RO          487    .text               c_w.l(sys_command.o)
    0x000010ac   0x000010ac   0x00000004   Code   RO          489    .text               c_w.l(hrguard.o)
    0x000010b0   0x000010b0   0x00000050   Code   RO          493    .text               c_w.l(defsig_rtmem_inner.o)
    0x00001100   0x00001100   0x00000098   Code   RO           85    i.SystemInit        system_tm4c123.o
    0x00001198   0x00001198   0x00000044   Code   RO            1    i.System_20200611_0233_18_initialize  main.o
    0x000011dc   0x000011dc   0x00000002   Code   RO            3    i.System_20200611_0233_18_terminate  main.o
    0x000011de   0x000011de   0x0000001a   Code   RO          219    i.fputc             c_w.l(fputc.o)
    0x000011f8   0x000011f8   0x00000034   Code   RO            4    i.main              main.o
    0x0000122c   0x0000122c   0x0000000a   Code   RO          441    x$fpl$fpinit        fz_wm.l(fpinit.o)
    0x00001236   0x00001236   0x00000002   PAD
    0x00001238   0x00001238   0x00000004   Data   RO            7    .constdata          main.o
    0x0000123c   0x0000123c   0x00000004   Data   RO          195    .constdata          c_w.l(sys_io.o)
    0x00001240   0x00001240   0x00000004   Data   RO          196    .constdata          c_w.l(sys_io.o)
    0x00001244   0x00001244   0x00000004   Data   RO          197    .constdata          c_w.l(sys_io.o)
    0x00001248   0x00001248   0x000000a0   Data   RO            8    .conststring        main.o
    0x000012e8   0x000012e8   0x00000020   Data   RO          518    Region$$Table       anon$$obj.o


    Execution Region ER_RW (Exec base: 0x20000000, Load base: 0x00001308, Size: 0x0000001c, Max: 0xffffffff, ABSOLUTE)

    Exec Addr    Load Addr    Size         Type   Attr      Idx    E Section Name        Object

    0x20000000   0x00001308   0x0000000d   Data   RW            9    .data               main.o
    0x2000000d   0x00001315   0x00000003   PAD
    0x20000010   0x00001318   0x00000004   Data   RW          186    .data               c_w.l(stdio_streams.o)
    0x20000014   0x0000131c   0x00000004   Data   RW          187    .data               c_w.l(stdio_streams.o)
    0x20000018   0x00001320   0x00000004   Data   RW          188    .data               c_w.l(stdio_streams.o)


    Execution Region ER_ZI (Exec base: 0x2000001c, Load base: 0x00001324, Size: 0x000003a4, Max: 0xffffffff, ABSOLUTE)

    Exec Addr    Load Addr    Size         Type   Attr      Idx    E Section Name        Object

    0x2000001c   0x00001324   0x00000004   PAD
    0x20000020        -       0x00000040   Zero   RW            6    .bss                main.o
    0x20000060        -       0x00000054   Zero   RW          183    .bss                c_w.l(stdio_streams.o)
    0x200000b4        -       0x00000054   Zero   RW          184    .bss                c_w.l(stdio_streams.o)
    0x20000108        -       0x00000054   Zero   RW          185    .bss                c_w.l(stdio_streams.o)
    0x2000015c        -       0x00000060   Zero   RW          392    .bss                c_w.l(libspace.o)
    0x200001bc   0x00001324   0x00000004   PAD
    0x200001c0        -       0x00000000   Zero   RW           74    HEAP                startup_tm4c123.o
    0x200001c0        -       0x00000200   Zero   RW           73    STACK               startup_tm4c123.o


==============================================================================

Image component sizes


      Code (inc. data)   RO Data    RW Data    ZI Data      Debug   Object Name

       122         36        164         13         64       8223   main.o
       276         24        620          0        512       5508   startup_tm4c123.o
       152         40          0          0          0       3685   system_tm4c123.o

    ----------------------------------------------------------------------
       550        100        816         16        576      17416   Object Totals
         0          0         32          0          0          0   (incl. Generated)
         0          0          0          3          0          0   (incl. Padding)

    ----------------------------------------------------------------------

      Code (inc. data)   RO Data    RW Data    ZI Data      Debug   Library Member Name

         8          0          0          0          0         68   __main.o
        40          0          0          0          0         84   __printf_nopercent.o
         0          0          0          0          0          0   __rtentry.o
        12          0          0          0          0          0   __rtentry2.o
         6          0          0          0          0          0   __rtentry4.o
        52          8          0          0          0          0   __scatter.o
        26          0          0          0          0          0   __scatter_copy.o
        28          0          0          0          0          0   __scatter_zi.o
       264          0          0          0          0         96   _get_argv.o
        48          6          0          0          0         96   _printf_char_common.o
        36          4          0          0          0         80   _printf_char_file.o
         4          0          0          0          0         68   argv_veneer.o
        10          0          0          0          0         68   defsig_exit.o
        50          0          0          0          0         88   defsig_general.o
        80         58          0          0          0         76   defsig_rtmem_inner.o
        14          0          0          0          0         80   defsig_rtmem_outer.o
        52         38          0          0          0         76   defsig_rtred_inner.o
        14          0          0          0          0         80   defsig_rtred_outer.o
        18          0          0          0          0         80   exit.o
        76          0          0          0          0         88   fclose.o
         8          0          0          0          0         68   ferror.o
       100          4          0          0          0        120   fflush.o
       470          0          0          0          0         88   flsbuf.o
       236          4          0          0          0        128   fopen.o
        26          0          0          0          0         68   fputc.o
       248          6          0          0          0         84   fseek.o
        66          0          0          0          0         76   ftell.o
        94          0          0          0          0         80   h1_alloc.o
        52          0          0          0          0         68   h1_extend.o
        78          0          0          0          0         80   h1_free.o
        14          0          0          0          0         84   h1_init.o
         6          0          0          0          0        152   heapauxi.o
         4          0          0          0          0        136   hguard.o
         4          0          0          0          0        136   hrguard.o
         0          0          0          0          0          0   indicate_semi.o
       138          0          0          0          0        168   init_alloc.o
       312         46          0          0          0        112   initio.o
         2          0          0          0          0          0   libinit.o
        26          0          0          0          0          0   libinit2.o
         2          0          0          0          0          0   libshutdown.o
         6          0          0          0          0          0   libshutdown2.o
         8          4          0          0         96         68   libspace.o
         0          0          0          0          0          0   maybetermalloc1.o
        24          4          0          0          0         84   noretval__2printf.o
         8          4          0          0          0         68   rt_errno_addr_intlibspace.o
         8          4          0          0          0         68   rt_heap_descriptor_intlibspace.o
        78          0          0          0          0         80   rt_memclr_w.o
         2          0          0          0          0          0   rtexit.o
        10          0          0          0          0          0   rtexit2.o
        70          0          0          0          0         80   setvbuf.o
       240          6          0          0          0        156   stdio.o
         0          0          0         12        252          0   stdio_streams.o
        62          0          0          0          0         76   strlen.o
        24          0          0          0          0         76   sys_command.o
        12          4          0          0          0         68   sys_exit.o
       102          0         12          0          0        240   sys_io.o
        74          0          0          0          0         80   sys_stackheap_outer.o
        14          0          0          0          0         76   sys_wrch.o
         2          0          0          0          0         68   use_no_semi.o
        10          0          0          0          0        116   fpinit.o

    ----------------------------------------------------------------------
      3494        200         12         12        356       4180   Library Totals
        16          0          0          0          8          0   (incl. Padding)

    ----------------------------------------------------------------------

      Code (inc. data)   RO Data    RW Data    ZI Data      Debug   Library Name

      3468        200         12         12        348       4064   c_w.l
        10          0          0          0          0        116   fz_wm.l

    ----------------------------------------------------------------------
      3494        200         12         12        356       4180   Library Totals

    ----------------------------------------------------------------------

==============================================================================


      Code (inc. data)   RO Data    RW Data    ZI Data      Debug   

      4044        300        828         28        932      19312   Grand Totals
      4044        300        828         28        932      19312   ELF Image Totals
      4044        300        828         28          0          0   ROM Totals

==============================================================================

    Total RO  Size (Code + RO Data)                 4872 (   4.76kB)
    Total RW  Size (RW Data + ZI Data)               960 (   0.94kB)
    Total ROM Size (Code + RO Data + RW Data)       4900 (   4.79kB)

==============================================================================

